Archive member included to satisfy reference by file (symbol)

c:/program files/microchip/xc8/v2.32/avr/bin/../lib/gcc/avr/5.4.0/../../../../avr/lib/avr5/memx-const\libm.a(addsf3.o)
                              build/default/production/UART.o (__subsf3)
c:/program files/microchip/xc8/v2.32/avr/bin/../lib/gcc/avr/5.4.0/../../../../avr/lib/avr5/memx-const\libm.a(addsf3x.o)
                              c:/program files/microchip/xc8/v2.32/avr/bin/../lib/gcc/avr/5.4.0/../../../../avr/lib/avr5/memx-const\libm.a(addsf3.o) (__addsf3x)
c:/program files/microchip/xc8/v2.32/avr/bin/../lib/gcc/avr/5.4.0/../../../../avr/lib/avr5/memx-const\libm.a(divsf3.o)
                              build/default/production/LM35.o (__divsf3)
c:/program files/microchip/xc8/v2.32/avr/bin/../lib/gcc/avr/5.4.0/../../../../avr/lib/avr5/memx-const\libm.a(divsf3x.o)
                              c:/program files/microchip/xc8/v2.32/avr/bin/../lib/gcc/avr/5.4.0/../../../../avr/lib/avr5/memx-const\libm.a(divsf3.o) (__divsf3x)
c:/program files/microchip/xc8/v2.32/avr/bin/../lib/gcc/avr/5.4.0/../../../../avr/lib/avr5/memx-const\libm.a(fixsfsi.o)
                              build/default/production/ADC.o (__fixsfsi)
c:/program files/microchip/xc8/v2.32/avr/bin/../lib/gcc/avr/5.4.0/../../../../avr/lib/avr5/memx-const\libm.a(fixunssfsi.o)
                              c:/program files/microchip/xc8/v2.32/avr/bin/../lib/gcc/avr/5.4.0/../../../../avr/lib/avr5/memx-const\libm.a(fixsfsi.o) (__fixunssfsi)
c:/program files/microchip/xc8/v2.32/avr/bin/../lib/gcc/avr/5.4.0/../../../../avr/lib/avr5/memx-const\libm.a(floatsisf.o)
                              build/default/production/ADC.o (__floatunsisf)
c:/program files/microchip/xc8/v2.32/avr/bin/../lib/gcc/avr/5.4.0/../../../../avr/lib/avr5/memx-const\libm.a(fp_inf.o)
                              c:/program files/microchip/xc8/v2.32/avr/bin/../lib/gcc/avr/5.4.0/../../../../avr/lib/avr5/memx-const\libm.a(addsf3x.o) (__fp_inf)
c:/program files/microchip/xc8/v2.32/avr/bin/../lib/gcc/avr/5.4.0/../../../../avr/lib/avr5/memx-const\libm.a(fp_nan.o)
                              c:/program files/microchip/xc8/v2.32/avr/bin/../lib/gcc/avr/5.4.0/../../../../avr/lib/avr5/memx-const\libm.a(addsf3x.o) (__fp_nan)
c:/program files/microchip/xc8/v2.32/avr/bin/../lib/gcc/avr/5.4.0/../../../../avr/lib/avr5/memx-const\libm.a(fp_pscA.o)
                              c:/program files/microchip/xc8/v2.32/avr/bin/../lib/gcc/avr/5.4.0/../../../../avr/lib/avr5/memx-const\libm.a(addsf3x.o) (__fp_pscA)
c:/program files/microchip/xc8/v2.32/avr/bin/../lib/gcc/avr/5.4.0/../../../../avr/lib/avr5/memx-const\libm.a(fp_pscB.o)
                              c:/program files/microchip/xc8/v2.32/avr/bin/../lib/gcc/avr/5.4.0/../../../../avr/lib/avr5/memx-const\libm.a(addsf3x.o) (__fp_pscB)
c:/program files/microchip/xc8/v2.32/avr/bin/../lib/gcc/avr/5.4.0/../../../../avr/lib/avr5/memx-const\libm.a(fp_round.o)
                              c:/program files/microchip/xc8/v2.32/avr/bin/../lib/gcc/avr/5.4.0/../../../../avr/lib/avr5/memx-const\libm.a(addsf3.o) (__fp_round)
c:/program files/microchip/xc8/v2.32/avr/bin/../lib/gcc/avr/5.4.0/../../../../avr/lib/avr5/memx-const\libm.a(fp_split3.o)
                              c:/program files/microchip/xc8/v2.32/avr/bin/../lib/gcc/avr/5.4.0/../../../../avr/lib/avr5/memx-const\libm.a(addsf3x.o) (__fp_split3)
c:/program files/microchip/xc8/v2.32/avr/bin/../lib/gcc/avr/5.4.0/../../../../avr/lib/avr5/memx-const\libm.a(fp_zero.o)
                              c:/program files/microchip/xc8/v2.32/avr/bin/../lib/gcc/avr/5.4.0/../../../../avr/lib/avr5/memx-const\libm.a(addsf3x.o) (__fp_zero)
c:/program files/microchip/xc8/v2.32/avr/bin/../lib/gcc/avr/5.4.0/../../../../avr/lib/avr5/memx-const\libm.a(mulsf3.o)
                              build/default/production/ADC.o (__mulsf3)
c:/program files/microchip/xc8/v2.32/avr/bin/../lib/gcc/avr/5.4.0/../../../../avr/lib/avr5/memx-const\libm.a(mulsf3x.o)
                              c:/program files/microchip/xc8/v2.32/avr/bin/../lib/gcc/avr/5.4.0/../../../../avr/lib/avr5/memx-const\libm.a(mulsf3.o) (__mulsf3x)
c:/program files/microchip/xc8/v2.32/avr/bin/../lib/gcc/avr/5.4.0/avr5/memx-const\libgcc.a(_udivmodhi4.o)
                              build/default/production/myfreertos/heap_4.o (__udivmodhi4)
c:/program files/microchip/xc8/v2.32/avr/bin/../lib/gcc/avr/5.4.0/avr5/memx-const\libgcc.a(_divmodhi4.o)
                              build/default/production/_7SEG.o (__divmodhi4)
c:/program files/microchip/xc8/v2.32/avr/bin/../lib/gcc/avr/5.4.0/avr5/memx-const\libgcc.a(_exit.o)
                              C:/Program Files/Microchip/MPLABX/v5.50/packs/Microchip/ATmega_DFP/2.3.126/xc8/avr/lib/avr5/memx-const/crtatmega32a.o (exit)
c:/program files/microchip/xc8/v2.32/avr/bin/../lib/gcc/avr/5.4.0/avr5/memx-const\libgcc.a(_copy_data.o)
                              build/default/production/_7SEG.o (__do_copy_data)
[...]
Memory Configuration

Name             Origin             Length             Attributes
text             0x0000000000000000 0x0000000000008000 xr
data             0x0000000000800060 0x0000000000000800 rw !x
eeprom           0x0000000000810000 0x0000000000000400 rw !x
fuse             0x0000000000820000 0x0000000000000002 rw !x
lock             0x0000000000830000 0x0000000000000400 rw !x
signature        0x0000000000840000 0x0000000000000400 rw !x
user_signatures  0x0000000000850000 0x0000000000000400 rw !x
*default*        0x0000000000000000 0xffffffffffffffff

Linker script and memory map

LOAD C:/Program Files/Microchip/MPLABX/v5.50/packs/Microchip/ATmega_DFP/2.3.126/xc8/avr/lib/avr5/memx-const/crtatmega32a.o
                0x0000000000000001                __MPLAB_BUILD = 0x1
LOAD build/default/production/main.o
LOAD build/default/production/DIO.o
LOAD build/default/production/Buzzer.o
LOAD build/default/production/LED.o
LOAD build/default/production/VButtons.o
LOAD build/default/production/_7SEG.o
LOAD build/default/production/LCD8.o
LOAD build/default/production/LCD4.o
LOAD build/default/production/Button.o
LOAD build/default/production/keypad.o
LOAD build/default/production/EXT_INT.o
LOAD build/default/production/ADC.o
LOAD build/default/production/LM35.o
LOAD build/default/production/timers.o
LOAD build/default/production/UART.o
LOAD build/default/production/SPI.o
LOAD build/default/production/25AA020A.o
LOAD build/default/production/TWI.o
LOAD build/default/production/AT24C16B.o
LOAD build/default/production/myfreertos/croutine.o
LOAD build/default/production/myfreertos/event_groups.o
LOAD build/default/production/myfreertos/heap_4.o
LOAD build/default/production/myfreertos/list.o
LOAD build/default/production/myfreertos/port.o
LOAD build/default/production/myfreertos/queue.o
LOAD build/default/production/myfreertos/stream_buffer.o
LOAD build/default/production/myfreertos/tasks.o
LOAD build/default/production/myfreertos/timers.o
START GROUP
LOAD c:/program files/microchip/xc8/v2.32/avr/bin/../lib/gcc/avr/5.4.0/../../../../avr/lib/avr5/memx-const\libm.a
END GROUP
START GROUP
LOAD c:/program files/microchip/xc8/v2.32/avr/bin/../lib/gcc/avr/5.4.0/avr5/memx-const\libgcc.a
LOAD c:/program files/microchip/xc8/v2.32/avr/bin/../lib/gcc/avr/5.4.0/../../../../avr/lib/avr5/memx-const\libm.a
LOAD c:/program files/microchip/xc8/v2.32/avr/bin/../lib/gcc/avr/5.4.0/../../../../avr/lib/avr5/memx-const\libc.a
LOAD C:/Program Files/Microchip/MPLABX/v5.50/packs/Microchip/ATmega_DFP/2.3.126/xc8/avr/lib/avr5/memx-const\libatmega32a.a
END GROUP
                [0x0000000000000000]                __TEXT_REGION_ORIGIN__ = DEFINED (__TEXT_REGION_ORIGIN__)?__TEXT_REGION_ORIGIN__:0x0
                [0x0000000000800060]                __DATA_REGION_ORIGIN__ = DEFINED (__DATA_REGION_ORIGIN__)?__DATA_REGION_ORIGIN__:0x800060
                [0x0000000000008000]                __TEXT_REGION_LENGTH__ = DEFINED (__TEXT_REGION_LENGTH__)?__TEXT_REGION_LENGTH__:0x20000
                [0x0000000000000800]                __DATA_REGION_LENGTH__ = DEFINED (__DATA_REGION_LENGTH__)?__DATA_REGION_LENGTH__:0xffa0
                [0x0000000000000400]                __EEPROM_REGION_LENGTH__ = DEFINED (__EEPROM_REGION_LENGTH__)?__EEPROM_REGION_LENGTH__:0x10000
                [0x0000000000000002]                __FUSE_REGION_LENGTH__ = DEFINED (__FUSE_REGION_LENGTH__)?__FUSE_REGION_LENGTH__:0x400
                0x0000000000000400                __LOCK_REGION_LENGTH__ = DEFINED (__LOCK_REGION_LENGTH__)?__LOCK_REGION_LENGTH__:0x400
                0x0000000000000400                __SIGNATURE_REGION_LENGTH__ = DEFINED (__SIGNATURE_REGION_LENGTH__)?__SIGNATURE_REGION_LENGTH__:0x400
                0x0000000000000400                __USER_SIGNATURE_REGION_LENGTH__ = DEFINED (__USER_SIGNATURE_REGION_LENGTH__)?__USER_SIGNATURE_REGION_LENGTH__:0x400

.hash
 *(.hash)

.dynsym
 *(.dynsym)

.dynstr
 *(.dynstr)

.gnu.version
 *(.gnu.version)

.gnu.version_d
 *(.gnu.version_d)

.gnu.version_r
 *(.gnu.version_r)

.rel.init
 *(.rel.init)

.rela.init
 *(.rela.init)

.rel.text
 *(.rel.text)
 *(.rel.text.*)
 *(.rel.gnu.linkonce.t*)

.rela.text
 *(.rela.text)
 *(.rela.text.*)
 *(.rela.gnu.linkonce.t*)

.rel.fini
 *(.rel.fini)

.rela.fini
 *(.rela.fini)

.rel.rodata
 *(.rel.rodata)
 *(.rel.rodata.*)
 *(.rel.gnu.linkonce.r*)

.rela.rodata
 *(.rela.rodata)
 *(.rela.rodata.*)
 *(.rela.gnu.linkonce.r*)

.rel.data
 *(.rel.data)
 *(.rel.data.*)
 *(.rel.gnu.linkonce.d*)

.rela.data
 *(.rela.data)
 *(.rela.data.*)
 *(.rela.gnu.linkonce.d*)

.rel.ctors
 *(.rel.ctors)

.rela.ctors
 *(.rela.ctors)

.rel.dtors
 *(.rel.dtors)

.rela.dtors
 *(.rela.dtors)

.rel.got
 *(.rel.got)

.rela.got
 *(.rela.got)

.rel.bss
 *(.rel.bss)

.rela.bss
 *(.rela.bss)

.rel.plt
 *(.rel.plt)

.rela.plt
 *(.rela.plt)

.text           0x0000000000000000       0xae
 *(.vectors)
 .vectors       0x0000000000000000       0x54 C:/Program Files/Microchip/MPLABX/v5.50/packs/Microchip/ATmega_DFP/2.3.126/xc8/avr/lib/avr5/memx-const/crtatmega32a.o
                0x0000000000000000                __vector_default
                0x0000000000000000                __vectors
 *(.vectors)
 *(.progmem.gcc*)
 *(.dinit)
 .dinit         0x0000000000000054        0x5 data_init
                0x000000000000005a                . = ALIGN (0x2)
 *fill*         0x0000000000000059        0x1 
                0x000000000000005a                __trampolines_start = .
 *(.trampolines)
 .trampolines   0x000000000000005a        0x0 linker stubs
 *(.trampolines*)
                0x000000000000005a                __trampolines_end = .
 *libprintf_flt.a:*(.progmem.data)
 *libc.a:*(.progmem.data)
                0x000000000000005a                . = ALIGN (0x2)
 *(.jumptables)
 *(.jumptables*)
 *(.lowtext)
 *(.lowtext*)
                0x000000000000005a                __ctors_start = .
 *(.ctors)
                0x000000000000005a                __ctors_end = .
                0x000000000000005a                __dtors_start = .
 *(.dtors)
                0x000000000000005a                __dtors_end = .
 SORT(*)(.ctors)
 SORT(*)(.dtors)
 *(.init0)
 .init0         0x000000000000005a        0x0 C:/Program Files/Microchip/MPLABX/v5.50/packs/Microchip/ATmega_DFP/2.3.126/xc8/avr/lib/avr5/memx-const/crtatmega32a.o
                0x000000000000005a                __init
 *(.init0)
 *(.init1)
 *(.init1)
 *(.init2)
 .init2         0x000000000000005a        0xc C:/Program Files/Microchip/MPLABX/v5.50/packs/Microchip/ATmega_DFP/2.3.126/xc8/avr/lib/avr5/memx-const/crtatmega32a.o
 *(.init2)
 *(.init3)
 *(.init3)
 *(.init4)
 .init4         0x0000000000000066       0x3c c:/program files/microchip/xc8/v2.32/avr/bin/../lib/gcc/avr/5.4.0/avr5/memx-const\libgcc.a(_copy_data.o)
                0x0000000000000066                __do_copy_data
                0x0000000000000094                __do_clear_bss
 *(.init4)
 *(.init5)
 *(.init5)
 *(.init6)
 *(.init6)
 *(.init7)
 *(.init7)
 *(.init8)
 *(.init8)
 *(.init9)
 .init9         0x00000000000000a2        0x8 C:/Program Files/Microchip/MPLABX/v5.50/packs/Microchip/ATmega_DFP/2.3.126/xc8/avr/lib/avr5/memx-const/crtatmega32a.o
 *(.init9)
                0x00000000000000aa                . = ALIGN (0x2)
 *(.fini9)
 .fini9         0x00000000000000aa        0x0 c:/program files/microchip/xc8/v2.32/avr/bin/../lib/gcc/avr/5.4.0/avr5/memx-const\libgcc.a(_exit.o)
                0x00000000000000aa                _exit
                0x00000000000000aa                exit
 *(.fini9)
 *(.fini8)
 *(.fini8)
 *(.fini7)
 *(.fini7)
 *(.fini6)
 *(.fini6)
 *(.fini5)
 *(.fini5)
 *(.fini4)
 *(.fini4)
 *(.fini3)
 *(.fini3)
 *(.fini2)
 *(.fini2)
 *(.fini1)
 *(.fini1)
 *(.fini0)
 .fini0         0x00000000000000aa        0x4 c:/program files/microchip/xc8/v2.32/avr/bin/../lib/gcc/avr/5.4.0/avr5/memx-const\libgcc.a(_exit.o)
 *(.fini0)
                0x00000000000000ae                _etext = .

.data           0x0000000000800060        0x0 load address 0x00000000000000ae
                [!provide]                        PROVIDE (__data_start, .)
 *(.gnu.linkonce.d*)
 *(.gnu.linkonce.r*)
                0x0000000000800060                . = ALIGN (0x2)
                0x0000000000800060                _edata = .
                [!provide]                        PROVIDE (__data_end, .)

.bss            0x0000000000800060        0x0
                [!provide]                        PROVIDE (__bss_start, .)
 *(COMMON)
                [!provide]                        PROVIDE (__bss_end, .)
                0x00000000000000ae                __data_load_start = LOADADDR (.data)
                0x00000000000000ae                __data_load_end = (__data_load_start + SIZEOF (.data))

.noinit         0x0000000000800060        0x0
                [!provide]                        PROVIDE (__noinit_start, .)
 *(.noinit*)
                [!provide]                        PROVIDE (__noinit_end, .)
                0x0000000000800060                _end = .

.eeprom         0x0000000000810000        0x0
 *(.eeprom*)
                0x0000000000810000                __eeprom_end = .

.fuse
 *(.fuse)
 *(.lfuse)
 *(.hfuse)
 *(.efuse)

.lock
 *(.lock*)

.signature
 *(.signature*)

.user_signatures
 *(.user_signatures*)

.stab
 *(.stab)

.stabstr
 *(.stabstr)

.stab.excl
 *(.stab.excl)

.stab.exclstr
 *(.stab.exclstr)

.stab.index
 *(.stab.index)

.stab.indexstr
 *(.stab.indexstr)

.comment        0x0000000000000000       0x2f
 *(.comment)
 .comment       0x0000000000000000       0x2f build/default/production/main.o
                                         0x30 (size before relaxing)
 .comment       0x000000000000002f       0x30 build/default/production/DIO.o
 .comment       0x000000000000002f       0x30 build/default/production/Button.o
 .comment       0x000000000000002f       0x30 build/default/production/myfreertos/port.o
 .comment       0x000000000000002f       0x30 build/default/production/myfreertos/tasks.o

.stack.descriptors.hdr
                0x0000000000000000        0xe
 .stack.descriptors.hdr
                0x0000000000000000        0xe c:/program files/microchip/xc8/v2.32/avr/bin/../lib/gcc/avr/5.4.0/avr5/memx-const\libgcc.a(_exit.o)

.note.gnu.build-id
 *(.note.gnu.build-id)

.debug
 *(.debug)

.line
 *(.line)

.debug_srcinfo
 *(.debug_srcinfo)

.debug_sfnames
 *(.debug_sfnames)

.debug_aranges  0x0000000000000000      0x2a8
 *(.debug_aranges)
 .debug_aranges
                0x0000000000000000       0x30 build/default/production/main.o
 .debug_aranges
                0x0000000000000030       0x58 build/default/production/DIO.o
 .debug_aranges
                0x0000000000000088       0x28 build/default/production/Button.o
 .debug_aranges
                0x00000000000000b0       0x48 build/default/production/myfreertos/port.o
 .debug_aranges
                0x00000000000000f8      0x1b0 build/default/production/myfreertos/tasks.o

.debug_pubnames
 *(.debug_pubnames)

.debug_info     0x0000000000000000     0x46c9
 *(.debug_info .gnu.linkonce.wi.*)
 .debug_info    0x0000000000000000      0x4e6 C:/Program Files/Microchip/MPLABX/v5.50/packs/Microchip/ATmega_DFP/2.3.126/xc8/avr/lib/avr5/memx-const/crtatmega32a.o
 .debug_info    0x00000000000004e6      0x458 build/default/production/main.o
 .debug_info    0x000000000000093e      0x423 build/default/production/DIO.o
 .debug_info    0x0000000000000d61      0x2e1 build/default/production/Button.o
 .debug_info    0x0000000000001042      0x4d6 build/default/production/myfreertos/port.o
 .debug_info    0x0000000000001518     0x31b1 build/default/production/myfreertos/tasks.o

.debug_abbrev   0x0000000000000000      0xc11
 *(.debug_abbrev)
 .debug_abbrev  0x0000000000000000      0x4a3 C:/Program Files/Microchip/MPLABX/v5.50/packs/Microchip/ATmega_DFP/2.3.126/xc8/avr/lib/avr5/memx-const/crtatmega32a.o
 .debug_abbrev  0x00000000000004a3      0x163 build/default/production/main.o
 .debug_abbrev  0x0000000000000606       0xab build/default/production/DIO.o
 .debug_abbrev  0x00000000000006b1       0x9a build/default/production/Button.o
 .debug_abbrev  0x000000000000074b      0x14a build/default/production/myfreertos/port.o
 .debug_abbrev  0x0000000000000895      0x37c build/default/production/myfreertos/tasks.o

.debug_line     0x0000000000000000     0x1ddd
 *(.debug_line .debug_line.* .debug_line_end)
 .debug_line    0x0000000000000000      0x119 C:/Program Files/Microchip/MPLABX/v5.50/packs/Microchip/ATmega_DFP/2.3.126/xc8/avr/lib/avr5/memx-const/crtatmega32a.o
 .debug_line    0x0000000000000119      0x174 build/default/production/main.o
 .debug_line    0x000000000000028d      0x27c build/default/production/DIO.o
 .debug_line    0x0000000000000509       0x6b build/default/production/Button.o
 .debug_line    0x0000000000000574      0x280 build/default/production/myfreertos/port.o
 .debug_line    0x00000000000007f4     0x15e9 build/default/production/myfreertos/tasks.o

.debug_frame    0x0000000000000000      0x840
 *(.debug_frame)
 .debug_frame   0x0000000000000000       0x44 build/default/production/main.o
 .debug_frame   0x0000000000000044       0x94 build/default/production/DIO.o
 .debug_frame   0x00000000000000d8       0x34 build/default/production/Button.o
 .debug_frame   0x000000000000010c       0x74 build/default/production/myfreertos/port.o
 .debug_frame   0x0000000000000180      0x6c0 build/default/production/myfreertos/tasks.o

.debug_str      0x0000000000000000      0x4bd
 *(.debug_str)
 .debug_str     0x0000000000000000      0x196 C:/Program Files/Microchip/MPLABX/v5.50/packs/Microchip/ATmega_DFP/2.3.126/xc8/avr/lib/avr5/memx-const/crtatmega32a.o
 .debug_str     0x0000000000000196       0x27 build/default/production/main.o
 .debug_str     0x00000000000001bd        0x6 build/default/production/DIO.o
 .debug_str     0x00000000000001c3       0x1b build/default/production/Button.o
 .debug_str     0x00000000000001de       0x26 build/default/production/myfreertos/port.o
 .debug_str     0x0000000000000204      0x2b9 build/default/production/myfreertos/tasks.o

.debug_loc      0x0000000000000000     0x2b9e
 *(.debug_loc)
 .debug_loc     0x0000000000000000       0x6c build/default/production/main.o
 .debug_loc     0x000000000000006c      0x31e build/default/production/DIO.o
 .debug_loc     0x000000000000038a       0x2c build/default/production/Button.o
 .debug_loc     0x00000000000003b6      0x2a0 build/default/production/myfreertos/port.o
 .debug_loc     0x0000000000000656     0x2548 build/default/production/myfreertos/tasks.o

.debug_macinfo
 *(.debug_macinfo)

.debug_weaknames
 *(.debug_weaknames)

.debug_funcnames
 *(.debug_funcnames)

.debug_typenames
 *(.debug_typenames)

.debug_varnames
 *(.debug_varnames)

.debug_pubtypes
 *(.debug_pubtypes)

.debug_ranges   0x0000000000000000      0x308
 *(.debug_ranges)
 .debug_ranges  0x0000000000000000       0x20 build/default/production/main.o
 .debug_ranges  0x0000000000000020       0x48 build/default/production/DIO.o
 .debug_ranges  0x0000000000000068       0x18 build/default/production/Button.o
 .debug_ranges  0x0000000000000080       0x38 build/default/production/myfreertos/port.o
 .debug_ranges  0x00000000000000b8      0x250 build/default/production/myfreertos/tasks.o

.debug_macro
 *(.debug_macro)
OUTPUT(dist/default/production/Alex53.X.production.elf elf32-avr)
LOAD linker stubs
LOAD data_init

.note.gnu.avr.deviceinfo
                0x0000000000000000       0x3c
 .note.gnu.avr.deviceinfo
                0x0000000000000000       0x3c C:/Program Files/Microchip/MPLABX/v5.50/packs/Microchip/ATmega_DFP/2.3.126/xc8/avr/lib/avr5/memx-const/crtatmega32a.o

.bss.uxSchedulerSuspended
                0x0000000000800090        0x1
 .bss.uxSchedulerSuspended
                0x0000000000800090        0x1 build/default/production/myfreertos/tasks.o

.bss.xNextTaskUnblockTime
                0x0000000000800084        0x2
 .bss.xNextTaskUnblockTime
                0x0000000000800084        0x2 build/default/production/myfreertos/tasks.o

.bss.xNumOfOverflows
                0x0000000000800091        0x1
 .bss.xNumOfOverflows
                0x0000000000800091        0x1 build/default/production/myfreertos/tasks.o

.bss.xYieldPendings
                0x0000000000800092        0x1
 .bss.xYieldPendings
                0x0000000000800092        0x1 build/default/production/myfreertos/tasks.o

.bss.xPendedTicks
                0x0000000000800086        0x2
 .bss.xPendedTicks
                0x0000000000800086        0x2 build/default/production/myfreertos/tasks.o

.bss.uxTopReadyPriority
                0x0000000000800093        0x1
 .bss.uxTopReadyPriority
                0x0000000000800093        0x1 build/default/production/myfreertos/tasks.o

.bss.xTickCount
                0x0000000000800088        0x2
 .bss.xTickCount
                0x0000000000800088        0x2 build/default/production/myfreertos/tasks.o

.bss.pxOverflowDelayedTaskList
                0x000000000080008a        0x2
 .bss.pxOverflowDelayedTaskList
                0x000000000080008a        0x2 build/default/production/myfreertos/tasks.o

.bss.pxDelayedTaskList
                0x000000000080008c        0x2
 .bss.pxDelayedTaskList
                0x000000000080008c        0x2 build/default/production/myfreertos/tasks.o

.bss.pxReadyTasksLists
                0x0000000000800060       0x24
 .bss.pxReadyTasksLists
                0x0000000000800060       0x24 build/default/production/myfreertos/tasks.o

.bss.pxCurrentTCB
                0x000000000080008e        0x2
 .bss.pxCurrentTCB
                0x000000000080008e        0x2 build/default/production/myfreertos/tasks.o
                0x000000000080008e                pxCurrentTCB

.text.xTaskIncrementTick
                0x00000000000000ae      0x23e
 .text.xTaskIncrementTick
                0x00000000000000ae      0x23e build/default/production/myfreertos/tasks.o
                0x00000000000000ae                xTaskIncrementTick

.text.vTaskSwitchContext
                0x00000000000002ec       0xe2
 .text.vTaskSwitchContext
                0x00000000000002ec       0xe2 build/default/production/myfreertos/tasks.o
                0x00000000000002ec                vTaskSwitchContext

.text.DIO_DIR_PINx
                0x00000000000003ce       0xe0
 .text.DIO_DIR_PINx
                0x00000000000003ce       0xe0 build/default/production/DIO.o
                0x00000000000003ce                DIO_DIR_PINx

.text.vPortYieldFromTick
                0x00000000000004ae       0xb8
 .text.vPortYieldFromTick
                0x00000000000004ae       0xb8 build/default/production/myfreertos/port.o
                0x00000000000004ae                vPortYieldFromTick

.text.DIO_READ_PINx
                0x0000000000000566       0x6a
 .text.DIO_READ_PINx
                0x0000000000000566       0x6a build/default/production/DIO.o
                0x0000000000000566                DIO_READ_PINx

.text.main      0x00000000000005d0       0x60
 .text.main     0x00000000000005d0       0x60 build/default/production/main.o
                0x00000000000005d0                main

.text.prvResetNextTaskUnblockTime
                0x0000000000000630       0x38
 .text.prvResetNextTaskUnblockTime
                0x0000000000000630       0x38 build/default/production/myfreertos/tasks.o

.text.DIO_DIR_PORTx
                0x0000000000000668       0x26
 .text.DIO_DIR_PORTx
                0x0000000000000668       0x26 build/default/production/DIO.o
                0x0000000000000668                DIO_DIR_PORTx

.text.init_BTNs
                0x000000000000068e       0x20
 .text.init_BTNs
                0x000000000000068e       0x20 build/default/production/Button.o
                0x000000000000068e                init_BTNs

.text.BTNs_isPressed
                0x00000000000006ae       0x18
 .text.BTNs_isPressed
                0x00000000000006ae       0x18 build/default/production/Button.o
                0x00000000000006ae                BTNs_isPressed

.text.EEPROM_write
                0x00000000000006c6       0x10
 .text.EEPROM_write
                0x00000000000006c6       0x10 build/default/production/main.o
                0x00000000000006c6                EEPROM_write

.text.EEPROM_read
                0x00000000000006d6        0xe
 .text.EEPROM_read
                0x00000000000006d6        0xe build/default/production/main.o
                0x00000000000006d6                EEPROM_read

.text.__vector_7
                0x00000000000006e4        0x6
 .text.__vector_7
                0x00000000000006e4        0x6 build/default/production/myfreertos/port.o
                0x00000000000006e4                __vector_7

.text           0x00000000000006ea        0x4
 .text          0x00000000000006ea        0x4 C:/Program Files/Microchip/MPLABX/v5.50/packs/Microchip/ATmega_DFP/2.3.126/xc8/avr/lib/avr5/memx-const/crtatmega32a.o
                0x00000000000006ea                __vector_1
                0x00000000000006ea                __vector_12
                0x00000000000006ea                __bad_interrupt
                0x00000000000006ea                __vector_6
                0x00000000000006ea                __vector_3
                0x00000000000006ea                __vector_11
                0x00000000000006ea                __vector_13
                0x00000000000006ea                __vector_17
                0x00000000000006ea                __vector_19
                0x00000000000006ea                __vector_5
                0x00000000000006ea                __vector_4
                0x00000000000006ea                __vector_9
                0x00000000000006ea                __vector_2
                0x00000000000006ea                __vector_15
                0x00000000000006ea                __vector_8
                0x00000000000006ea                __vector_14
                0x00000000000006ea                __vector_10
                0x00000000000006ea                __vector_16
                0x00000000000006ea                __vector_18
                0x00000000000006ea                __vector_20
