Archive member included to satisfy reference by file (symbol)

c:/program files/microchip/xc8/v2.32/avr/bin/../lib/gcc/avr/5.4.0/../../../../avr/lib/avr5/memx-const\libm.a(addsf3.o)
                              build/default/production/UART.o (__subsf3)
c:/program files/microchip/xc8/v2.32/avr/bin/../lib/gcc/avr/5.4.0/../../../../avr/lib/avr5/memx-const\libm.a(addsf3x.o)
                              c:/program files/microchip/xc8/v2.32/avr/bin/../lib/gcc/avr/5.4.0/../../../../avr/lib/avr5/memx-const\libm.a(addsf3.o) (__addsf3x)
c:/program files/microchip/xc8/v2.32/avr/bin/../lib/gcc/avr/5.4.0/../../../../avr/lib/avr5/memx-const\libm.a(divsf3.o)
                              build/default/production/LM35.o (__divsf3)
c:/program files/microchip/xc8/v2.32/avr/bin/../lib/gcc/avr/5.4.0/../../../../avr/lib/avr5/memx-const\libm.a(divsf3x.o)
                              c:/program files/microchip/xc8/v2.32/avr/bin/../lib/gcc/avr/5.4.0/../../../../avr/lib/avr5/memx-const\libm.a(divsf3.o) (__divsf3x)
c:/program files/microchip/xc8/v2.32/avr/bin/../lib/gcc/avr/5.4.0/../../../../avr/lib/avr5/memx-const\libm.a(fixsfsi.o)
                              build/default/production/ADC.o (__fixsfsi)
c:/program files/microchip/xc8/v2.32/avr/bin/../lib/gcc/avr/5.4.0/../../../../avr/lib/avr5/memx-const\libm.a(fixunssfsi.o)
                              c:/program files/microchip/xc8/v2.32/avr/bin/../lib/gcc/avr/5.4.0/../../../../avr/lib/avr5/memx-const\libm.a(fixsfsi.o) (__fixunssfsi)
c:/program files/microchip/xc8/v2.32/avr/bin/../lib/gcc/avr/5.4.0/../../../../avr/lib/avr5/memx-const\libm.a(floatsisf.o)
                              build/default/production/ADC.o (__floatunsisf)
c:/program files/microchip/xc8/v2.32/avr/bin/../lib/gcc/avr/5.4.0/../../../../avr/lib/avr5/memx-const\libm.a(fp_inf.o)
                              c:/program files/microchip/xc8/v2.32/avr/bin/../lib/gcc/avr/5.4.0/../../../../avr/lib/avr5/memx-const\libm.a(addsf3x.o) (__fp_inf)
c:/program files/microchip/xc8/v2.32/avr/bin/../lib/gcc/avr/5.4.0/../../../../avr/lib/avr5/memx-const\libm.a(fp_nan.o)
                              c:/program files/microchip/xc8/v2.32/avr/bin/../lib/gcc/avr/5.4.0/../../../../avr/lib/avr5/memx-const\libm.a(addsf3x.o) (__fp_nan)
c:/program files/microchip/xc8/v2.32/avr/bin/../lib/gcc/avr/5.4.0/../../../../avr/lib/avr5/memx-const\libm.a(fp_pscA.o)
                              c:/program files/microchip/xc8/v2.32/avr/bin/../lib/gcc/avr/5.4.0/../../../../avr/lib/avr5/memx-const\libm.a(addsf3x.o) (__fp_pscA)
c:/program files/microchip/xc8/v2.32/avr/bin/../lib/gcc/avr/5.4.0/../../../../avr/lib/avr5/memx-const\libm.a(fp_pscB.o)
                              c:/program files/microchip/xc8/v2.32/avr/bin/../lib/gcc/avr/5.4.0/../../../../avr/lib/avr5/memx-const\libm.a(addsf3x.o) (__fp_pscB)
c:/program files/microchip/xc8/v2.32/avr/bin/../lib/gcc/avr/5.4.0/../../../../avr/lib/avr5/memx-const\libm.a(fp_round.o)
                              c:/program files/microchip/xc8/v2.32/avr/bin/../lib/gcc/avr/5.4.0/../../../../avr/lib/avr5/memx-const\libm.a(addsf3.o) (__fp_round)
c:/program files/microchip/xc8/v2.32/avr/bin/../lib/gcc/avr/5.4.0/../../../../avr/lib/avr5/memx-const\libm.a(fp_split3.o)
                              c:/program files/microchip/xc8/v2.32/avr/bin/../lib/gcc/avr/5.4.0/../../../../avr/lib/avr5/memx-const\libm.a(addsf3x.o) (__fp_split3)
c:/program files/microchip/xc8/v2.32/avr/bin/../lib/gcc/avr/5.4.0/../../../../avr/lib/avr5/memx-const\libm.a(fp_zero.o)
                              c:/program files/microchip/xc8/v2.32/avr/bin/../lib/gcc/avr/5.4.0/../../../../avr/lib/avr5/memx-const\libm.a(addsf3x.o) (__fp_zero)
c:/program files/microchip/xc8/v2.32/avr/bin/../lib/gcc/avr/5.4.0/../../../../avr/lib/avr5/memx-const\libm.a(mulsf3.o)
                              build/default/production/ADC.o (__mulsf3)
c:/program files/microchip/xc8/v2.32/avr/bin/../lib/gcc/avr/5.4.0/../../../../avr/lib/avr5/memx-const\libm.a(mulsf3x.o)
                              c:/program files/microchip/xc8/v2.32/avr/bin/../lib/gcc/avr/5.4.0/../../../../avr/lib/avr5/memx-const\libm.a(mulsf3.o) (__mulsf3x)
c:/program files/microchip/xc8/v2.32/avr/bin/../lib/gcc/avr/5.4.0/avr5/memx-const\libgcc.a(_divmodhi4.o)
                              build/default/production/_7SEG.o (__divmodhi4)
c:/program files/microchip/xc8/v2.32/avr/bin/../lib/gcc/avr/5.4.0/avr5/memx-const\libgcc.a(_exit.o)
                              C:/Program Files/Microchip/MPLABX/v5.50/packs/Microchip/ATmega_DFP/2.3.126/xc8/avr/lib/avr5/memx-const/crtatmega32a.o (exit)
c:/program files/microchip/xc8/v2.32/avr/bin/../lib/gcc/avr/5.4.0/avr5/memx-const\libgcc.a(_copy_data.o)
                              build/default/production/main.o (__do_copy_data)
c:/program files/microchip/xc8/v2.32/avr/bin/../lib/gcc/avr/5.4.0/avr5/memx-const\libgcc.a(_udivmodhi4.o)
                              c:/program files/microchip/xc8/v2.32/avr/bin/../lib/gcc/avr/5.4.0/avr5/memx-const\libgcc.a(_divmodhi4.o) (__udivmodhi4)
c:/program files/microchip/xc8/v2.32/avr/bin/../lib/gcc/avr/5.4.0/../../../../avr/lib/avr5/memx-const\libc.a(itoa_ncheck.o)
                              build/default/production/LCD8.o (__itoa_ncheck)
c:/program files/microchip/xc8/v2.32/avr/bin/../lib/gcc/avr/5.4.0/../../../../avr/lib/avr5/memx-const\libc.a(utoa_ncheck.o)
                              c:/program files/microchip/xc8/v2.32/avr/bin/../lib/gcc/avr/5.4.0/../../../../avr/lib/avr5/memx-const\libc.a(itoa_ncheck.o) (__utoa_common)
c:/program files/microchip/xc8/v2.32/avr/bin/../lib/gcc/avr/5.4.0/../../../../avr/lib/avr5/memx-const\libc.a(strrev.o)
                              c:/program files/microchip/xc8/v2.32/avr/bin/../lib/gcc/avr/5.4.0/../../../../avr/lib/avr5/memx-const\libc.a(utoa_ncheck.o) (strrev)

Discarded input sections

 .data          0x0000000000000000        0x0 C:/Program Files/Microchip/MPLABX/v5.50/packs/Microchip/ATmega_DFP/2.3.126/xc8/avr/lib/avr5/memx-const/crtatmega32a.o
 .bss           0x0000000000000000        0x0 C:/Program Files/Microchip/MPLABX/v5.50/packs/Microchip/ATmega_DFP/2.3.126/xc8/avr/lib/avr5/memx-const/crtatmega32a.o
 .text          0x0000000000000000        0x0 build/default/production/main.o
 .data          0x0000000000000000        0x0 build/default/production/main.o
 .bss           0x0000000000000000        0x0 build/default/production/main.o
 .data.str      0x0000000000000000        0xe build/default/production/main.o
 .text          0x0000000000000000        0x0 build/default/production/DIO.o
 .data          0x0000000000000000        0x0 build/default/production/DIO.o
 .bss           0x0000000000000000        0x0 build/default/production/DIO.o
 .text.DIO_DIR_PORTx
                0x0000000000000000       0x26 build/default/production/DIO.o
 .text.DIO_SET_PORTx
                0x0000000000000000       0x26 build/default/production/DIO.o
 .text.DIO_TOGGLE_PINx
                0x0000000000000000       0x6e build/default/production/DIO.o
 .text.DIO_READ_PORTx
                0x0000000000000000       0x2a build/default/production/DIO.o
 .text.DIO_READ_PINx
                0x0000000000000000       0x6a build/default/production/DIO.o
 .text          0x0000000000000000        0x0 build/default/production/Buzzer.o
 .data          0x0000000000000000        0x0 build/default/production/Buzzer.o
 .bss           0x0000000000000000        0x0 build/default/production/Buzzer.o
 .text.init_Buzzer
                0x0000000000000000        0xc build/default/production/Buzzer.o
 .text.Buzzer_ON
                0x0000000000000000        0xa build/default/production/Buzzer.o
 .text.Buzzer_OFF
                0x0000000000000000        0xa build/default/production/Buzzer.o
 .text.Buzzer_Alarm
                0x0000000000000000       0x36 build/default/production/Buzzer.o
 .debug_info    0x0000000000000000      0x3ff build/default/production/Buzzer.o
 .debug_abbrev  0x0000000000000000       0xe4 build/default/production/Buzzer.o
 .debug_loc     0x0000000000000000       0x90 build/default/production/Buzzer.o
 .debug_aranges
                0x0000000000000000       0x38 build/default/production/Buzzer.o
 .debug_ranges  0x0000000000000000       0x28 build/default/production/Buzzer.o
 .debug_line    0x0000000000000000      0x128 build/default/production/Buzzer.o
 .debug_str     0x0000000000000000       0x29 build/default/production/Buzzer.o
 .comment       0x0000000000000000       0x30 build/default/production/Buzzer.o
 .debug_frame   0x0000000000000000       0x54 build/default/production/Buzzer.o
 .text          0x0000000000000000        0x0 build/default/production/LED.o
 .data          0x0000000000000000        0x0 build/default/production/LED.o
 .bss           0x0000000000000000        0x0 build/default/production/LED.o
 .text.init_LEDs
                0x0000000000000000       0x2a build/default/production/LED.o
 .text.LED_ON   0x0000000000000000       0x64 build/default/production/LED.o
 .text.LED_OFF  0x0000000000000000       0x64 build/default/production/LED.o
 .text.LED_TOG  0x0000000000000000       0x64 build/default/production/LED.o
 .debug_info    0x0000000000000000      0x57f build/default/production/LED.o
 .debug_abbrev  0x0000000000000000       0x98 build/default/production/LED.o
 .debug_loc     0x0000000000000000      0x18f build/default/production/LED.o
 .debug_aranges
                0x0000000000000000       0x38 build/default/production/LED.o
 .debug_ranges  0x0000000000000000       0x28 build/default/production/LED.o
 .debug_line    0x0000000000000000      0x16c build/default/production/LED.o
 .debug_str     0x0000000000000000       0x39 build/default/production/LED.o
 .comment       0x0000000000000000       0x30 build/default/production/LED.o
 .debug_frame   0x0000000000000000       0x54 build/default/production/LED.o
 .text          0x0000000000000000        0x0 build/default/production/VButtons.o
 .data          0x0000000000000000        0x0 build/default/production/VButtons.o
 .bss           0x0000000000000000        0x0 build/default/production/VButtons.o
 .text.init_VButtons
                0x0000000000000000        0xc build/default/production/VButtons.o
 .text.VButton_isPressed
                0x0000000000000000       0x14 build/default/production/VButtons.o
 .debug_info    0x0000000000000000      0x2b3 build/default/production/VButtons.o
 .debug_abbrev  0x0000000000000000       0x8d build/default/production/VButtons.o
 .debug_loc     0x0000000000000000       0x2c build/default/production/VButtons.o
 .debug_aranges
                0x0000000000000000       0x28 build/default/production/VButtons.o
 .debug_ranges  0x0000000000000000       0x18 build/default/production/VButtons.o
 .debug_line    0x0000000000000000       0x61 build/default/production/VButtons.o
 .debug_str     0x0000000000000000       0x1b build/default/production/VButtons.o
 .comment       0x0000000000000000       0x30 build/default/production/VButtons.o
 .debug_frame   0x0000000000000000       0x34 build/default/production/VButtons.o
 .text          0x0000000000000000        0x0 build/default/production/_7SEG.o
 .data          0x0000000000000000        0x0 build/default/production/_7SEG.o
 .bss           0x0000000000000000        0x0 build/default/production/_7SEG.o
 .text._7SEG_1_OFF
                0x0000000000000000        0xa build/default/production/_7SEG.o
 .text._7SEG_2_ON
                0x0000000000000000        0xe build/default/production/_7SEG.o
 .text._7SEG_2_OFF
                0x0000000000000000        0xa build/default/production/_7SEG.o
 .text._7SEG_1_ON
                0x0000000000000000        0xe build/default/production/_7SEG.o
 .text.init_7SEG
                0x0000000000000000       0x5a build/default/production/_7SEG.o
 .text._7SEG_ALL_OFF
                0x0000000000000000        0x2 build/default/production/_7SEG.o
 .text._7SEG_1_write
                0x0000000000000000       0x4a build/default/production/_7SEG.o
 .text._7SEG_2_write
                0x0000000000000000       0x4a build/default/production/_7SEG.o
 .text._7SEG_write
                0x0000000000000000       0x20 build/default/production/_7SEG.o
 .data.num      0x0000000000000000       0x14 build/default/production/_7SEG.o
 .debug_info    0x0000000000000000      0x802 build/default/production/_7SEG.o
 .debug_abbrev  0x0000000000000000      0x198 build/default/production/_7SEG.o
 .debug_loc     0x0000000000000000      0x3dc build/default/production/_7SEG.o
 .debug_aranges
                0x0000000000000000       0x60 build/default/production/_7SEG.o
 .debug_ranges  0x0000000000000000       0x50 build/default/production/_7SEG.o
 .debug_line    0x0000000000000000      0x257 build/default/production/_7SEG.o
 .debug_str     0x0000000000000000       0x6b build/default/production/_7SEG.o
 .comment       0x0000000000000000       0x30 build/default/production/_7SEG.o
 .debug_frame   0x0000000000000000       0xc8 build/default/production/_7SEG.o
 .text          0x0000000000000000        0x0 build/default/production/LCD8.o
 .data          0x0000000000000000        0x0 build/default/production/LCD8.o
 .bss           0x0000000000000000        0x0 build/default/production/LCD8.o
 .text.LCD8_EN  0x0000000000000000       0x1e build/default/production/LCD8.o
 .text.LCD8_cmd
                0x0000000000000000       0x16 build/default/production/LCD8.o
 .text.LCD8_write
                0x0000000000000000       0x16 build/default/production/LCD8.o
 .text.LCD8_str
                0x0000000000000000       0x1e build/default/production/LCD8.o
 .text.LCD8_clear
                0x0000000000000000        0x8 build/default/production/LCD8.o
 .text.init_LCD8
                0x0000000000000000       0x9a build/default/production/LCD8.o
 .text.LCD8_num
                0x0000000000000000       0x3a build/default/production/LCD8.o
 .text.LCD8_goto
                0x0000000000000000       0x1c build/default/production/LCD8.o
 .debug_info    0x0000000000000000      0x87c build/default/production/LCD8.o
 .debug_abbrev  0x0000000000000000      0x1be build/default/production/LCD8.o
 .debug_loc     0x0000000000000000      0x388 build/default/production/LCD8.o
 .debug_aranges
                0x0000000000000000       0x58 build/default/production/LCD8.o
 .debug_ranges  0x0000000000000000       0x48 build/default/production/LCD8.o
 .debug_line    0x0000000000000000      0x236 build/default/production/LCD8.o
 .debug_str     0x0000000000000000       0x53 build/default/production/LCD8.o
 .comment       0x0000000000000000       0x30 build/default/production/LCD8.o
 .debug_frame   0x0000000000000000       0xb0 build/default/production/LCD8.o
 .text          0x0000000000000000        0x0 build/default/production/LCD4.o
 .data          0x0000000000000000        0x0 build/default/production/LCD4.o
 .bss           0x0000000000000000        0x0 build/default/production/LCD4.o
 .text.LCD4_str
                0x0000000000000000       0x1e build/default/production/LCD4.o
 .text.LCD4_num
                0x0000000000000000       0x3a build/default/production/LCD4.o
 .text.LCD4_goto
                0x0000000000000000       0x1c build/default/production/LCD4.o
 .text          0x0000000000000000        0x0 build/default/production/Button.o
 .data          0x0000000000000000        0x0 build/default/production/Button.o
 .bss           0x0000000000000000        0x0 build/default/production/Button.o
 .text.init_BTNs
                0x0000000000000000       0x16 build/default/production/Button.o
 .text.BTNs_isPressed
                0x0000000000000000       0x18 build/default/production/Button.o
 .debug_info    0x0000000000000000      0x2c4 build/default/production/Button.o
 .debug_abbrev  0x0000000000000000       0x9a build/default/production/Button.o
 .debug_loc     0x0000000000000000       0x2c build/default/production/Button.o
 .debug_aranges
                0x0000000000000000       0x28 build/default/production/Button.o
 .debug_ranges  0x0000000000000000       0x18 build/default/production/Button.o
 .debug_line    0x0000000000000000       0x65 build/default/production/Button.o
 .debug_str     0x0000000000000000       0x1b build/default/production/Button.o
 .comment       0x0000000000000000       0x30 build/default/production/Button.o
 .debug_frame   0x0000000000000000       0x34 build/default/production/Button.o
 .text          0x0000000000000000        0x0 build/default/production/keypad.o
 .data          0x0000000000000000        0x0 build/default/production/keypad.o
 .bss           0x0000000000000000        0x0 build/default/production/keypad.o
 .text.init_Keypad
                0x0000000000000000       0x74 build/default/production/keypad.o
 .text.getKey   0x0000000000000000      0x28a build/default/production/keypad.o
 .debug_info    0x0000000000000000      0xc39 build/default/production/keypad.o
 .debug_abbrev  0x0000000000000000      0x10d build/default/production/keypad.o
 .debug_loc     0x0000000000000000      0x549 build/default/production/keypad.o
 .debug_aranges
                0x0000000000000000       0x28 build/default/production/keypad.o
 .debug_ranges  0x0000000000000000       0x18 build/default/production/keypad.o
 .debug_line    0x0000000000000000      0x352 build/default/production/keypad.o
 .debug_str     0x0000000000000000       0x29 build/default/production/keypad.o
 .comment       0x0000000000000000       0x30 build/default/production/keypad.o
 .debug_frame   0x0000000000000000       0x34 build/default/production/keypad.o
 .text          0x0000000000000000        0x0 build/default/production/EXT_INT.o
 .data          0x0000000000000000        0x0 build/default/production/EXT_INT.o
 .bss           0x0000000000000000        0x0 build/default/production/EXT_INT.o
 .text.init_INT0
                0x0000000000000000       0x14 build/default/production/EXT_INT.o
 .text.init_INT1
                0x0000000000000000       0x1c build/default/production/EXT_INT.o
 .text.init_INT2
                0x0000000000000000       0x1c build/default/production/EXT_INT.o
 .debug_info    0x0000000000000000      0x29f build/default/production/EXT_INT.o
 .debug_abbrev  0x0000000000000000       0x6f build/default/production/EXT_INT.o
 .debug_loc     0x0000000000000000       0x63 build/default/production/EXT_INT.o
 .debug_aranges
                0x0000000000000000       0x30 build/default/production/EXT_INT.o
 .debug_ranges  0x0000000000000000       0x20 build/default/production/EXT_INT.o
 .debug_line    0x0000000000000000       0xcc build/default/production/EXT_INT.o
 .debug_str     0x0000000000000000        0x9 build/default/production/EXT_INT.o
 .comment       0x0000000000000000       0x30 build/default/production/EXT_INT.o
 .debug_frame   0x0000000000000000       0x44 build/default/production/EXT_INT.o
 .text          0x0000000000000000        0x0 build/default/production/ADC.o
 .data          0x0000000000000000        0x0 build/default/production/ADC.o
 .bss           0x0000000000000000        0x0 build/default/production/ADC.o
 .text.ADC_disable
                0x0000000000000000        0x4 build/default/production/ADC.o
 .text.ADC_wait
                0x0000000000000000        0x6 build/default/production/ADC.o
 .text.ADC_INT_enable
                0x0000000000000000        0x4 build/default/production/ADC.o
 .text          0x0000000000000000        0x0 build/default/production/LM35.o
 .data          0x0000000000000000        0x0 build/default/production/LM35.o
 .bss           0x0000000000000000        0x0 build/default/production/LM35.o
 .text.init_LM35
                0x0000000000000000        0xa build/default/production/LM35.o
 .text.init_LM35_with_INT
                0x0000000000000000        0xe build/default/production/LM35.o
 .text.LM35_CH  0x0000000000000000        0x6 build/default/production/LM35.o
 .text.LM35_sample_read
                0x0000000000000000       0x2c build/default/production/LM35.o
 .text.LM35_read
                0x0000000000000000       0x24 build/default/production/LM35.o
 .text.LM35_Interrupt_enable
                0x0000000000000000        0x6 build/default/production/LM35.o
 .debug_info    0x0000000000000000      0x37c build/default/production/LM35.o
 .debug_abbrev  0x0000000000000000       0xdc build/default/production/LM35.o
 .debug_loc     0x0000000000000000       0x63 build/default/production/LM35.o
 .debug_aranges
                0x0000000000000000       0x48 build/default/production/LM35.o
 .debug_ranges  0x0000000000000000       0x38 build/default/production/LM35.o
 .debug_line    0x0000000000000000       0xcb build/default/production/LM35.o
 .debug_str     0x0000000000000000       0x3f build/default/production/LM35.o
 .comment       0x0000000000000000       0x30 build/default/production/LM35.o
 .debug_frame   0x0000000000000000       0x74 build/default/production/LM35.o
 .text          0x0000000000000000        0x0 build/default/production/timers.o
 .data          0x0000000000000000        0x0 build/default/production/timers.o
 .bss           0x0000000000000000        0x0 build/default/production/timers.o
 .text.init_timer0
                0x0000000000000000       0x4c build/default/production/timers.o
 .text.Timer0_set_OCR0
                0x0000000000000000        0x4 build/default/production/timers.o
 .text.Timer0_CTC_set_CMP
                0x0000000000000000       0x26 build/default/production/timers.o
 .text.Timer0_PWM_set_CMP
                0x0000000000000000       0x26 build/default/production/timers.o
 .debug_info    0x0000000000000000      0x375 build/default/production/timers.o
 .debug_abbrev  0x0000000000000000       0xe2 build/default/production/timers.o
 .debug_loc     0x0000000000000000       0xfa build/default/production/timers.o
 .debug_aranges
                0x0000000000000000       0x38 build/default/production/timers.o
 .debug_ranges  0x0000000000000000       0x28 build/default/production/timers.o
 .debug_line    0x0000000000000000      0x12f build/default/production/timers.o
 .debug_str     0x0000000000000000       0x16 build/default/production/timers.o
 .comment       0x0000000000000000       0x30 build/default/production/timers.o
 .debug_frame   0x0000000000000000       0x64 build/default/production/timers.o
 .text          0x0000000000000000        0x0 build/default/production/UART.o
 .data          0x0000000000000000        0x0 build/default/production/UART.o
 .bss           0x0000000000000000        0x0 build/default/production/UART.o
 .text.UART_receive
                0x0000000000000000        0x8 build/default/production/UART.o
 .text          0x0000000000000000        0x0 c:/program files/microchip/xc8/v2.32/avr/bin/../lib/gcc/avr/5.4.0/../../../../avr/lib/avr5/memx-const\libm.a(addsf3.o)
 .data          0x0000000000000000        0x0 c:/program files/microchip/xc8/v2.32/avr/bin/../lib/gcc/avr/5.4.0/../../../../avr/lib/avr5/memx-const\libm.a(addsf3.o)
 .bss           0x0000000000000000        0x0 c:/program files/microchip/xc8/v2.32/avr/bin/../lib/gcc/avr/5.4.0/../../../../avr/lib/avr5/memx-const\libm.a(addsf3.o)
 .stack.descriptors
                0x0000000000000000       0x2c c:/program files/microchip/xc8/v2.32/avr/bin/../lib/gcc/avr/5.4.0/../../../../avr/lib/avr5/memx-const\libm.a(addsf3.o)
 .text          0x0000000000000000        0x0 c:/program files/microchip/xc8/v2.32/avr/bin/../lib/gcc/avr/5.4.0/../../../../avr/lib/avr5/memx-const\libm.a(addsf3x.o)
 .data          0x0000000000000000        0x0 c:/program files/microchip/xc8/v2.32/avr/bin/../lib/gcc/avr/5.4.0/../../../../avr/lib/avr5/memx-const\libm.a(addsf3x.o)
 .bss           0x0000000000000000        0x0 c:/program files/microchip/xc8/v2.32/avr/bin/../lib/gcc/avr/5.4.0/../../../../avr/lib/avr5/memx-const\libm.a(addsf3x.o)
 .stack.descriptors
                0x0000000000000000       0x17 c:/program files/microchip/xc8/v2.32/avr/bin/../lib/gcc/avr/5.4.0/../../../../avr/lib/avr5/memx-const\libm.a(addsf3x.o)
 .text          0x0000000000000000        0x0 c:/program files/microchip/xc8/v2.32/avr/bin/../lib/gcc/avr/5.4.0/../../../../avr/lib/avr5/memx-const\libm.a(divsf3.o)
 .data          0x0000000000000000        0x0 c:/program files/microchip/xc8/v2.32/avr/bin/../lib/gcc/avr/5.4.0/../../../../avr/lib/avr5/memx-const\libm.a(divsf3.o)
 .bss           0x0000000000000000        0x0 c:/program files/microchip/xc8/v2.32/avr/bin/../lib/gcc/avr/5.4.0/../../../../avr/lib/avr5/memx-const\libm.a(divsf3.o)
 .stack.descriptors
                0x0000000000000000       0x16 c:/program files/microchip/xc8/v2.32/avr/bin/../lib/gcc/avr/5.4.0/../../../../avr/lib/avr5/memx-const\libm.a(divsf3.o)
 .text          0x0000000000000000        0x0 c:/program files/microchip/xc8/v2.32/avr/bin/../lib/gcc/avr/5.4.0/../../../../avr/lib/avr5/memx-const\libm.a(divsf3x.o)
 .data          0x0000000000000000        0x0 c:/program files/microchip/xc8/v2.32/avr/bin/../lib/gcc/avr/5.4.0/../../../../avr/lib/avr5/memx-const\libm.a(divsf3x.o)
 .bss           0x0000000000000000        0x0 c:/program files/microchip/xc8/v2.32/avr/bin/../lib/gcc/avr/5.4.0/../../../../avr/lib/avr5/memx-const\libm.a(divsf3x.o)
 .stack.descriptors
                0x0000000000000000       0x31 c:/program files/microchip/xc8/v2.32/avr/bin/../lib/gcc/avr/5.4.0/../../../../avr/lib/avr5/memx-const\libm.a(divsf3x.o)
 .text          0x0000000000000000        0x0 c:/program files/microchip/xc8/v2.32/avr/bin/../lib/gcc/avr/5.4.0/../../../../avr/lib/avr5/memx-const\libm.a(fixsfsi.o)
 .data          0x0000000000000000        0x0 c:/program files/microchip/xc8/v2.32/avr/bin/../lib/gcc/avr/5.4.0/../../../../avr/lib/avr5/memx-const\libm.a(fixsfsi.o)
 .bss           0x0000000000000000        0x0 c:/program files/microchip/xc8/v2.32/avr/bin/../lib/gcc/avr/5.4.0/../../../../avr/lib/avr5/memx-const\libm.a(fixsfsi.o)
 .stack.descriptors
                0x0000000000000000       0x17 c:/program files/microchip/xc8/v2.32/avr/bin/../lib/gcc/avr/5.4.0/../../../../avr/lib/avr5/memx-const\libm.a(fixsfsi.o)
 .text          0x0000000000000000        0x0 c:/program files/microchip/xc8/v2.32/avr/bin/../lib/gcc/avr/5.4.0/../../../../avr/lib/avr5/memx-const\libm.a(fixunssfsi.o)
 .data          0x0000000000000000        0x0 c:/program files/microchip/xc8/v2.32/avr/bin/../lib/gcc/avr/5.4.0/../../../../avr/lib/avr5/memx-const\libm.a(fixunssfsi.o)
 .bss           0x0000000000000000        0x0 c:/program files/microchip/xc8/v2.32/avr/bin/../lib/gcc/avr/5.4.0/../../../../avr/lib/avr5/memx-const\libm.a(fixunssfsi.o)
 .stack.descriptors
                0x0000000000000000       0x1a c:/program files/microchip/xc8/v2.32/avr/bin/../lib/gcc/avr/5.4.0/../../../../avr/lib/avr5/memx-const\libm.a(fixunssfsi.o)
 .text          0x0000000000000000        0x0 c:/program files/microchip/xc8/v2.32/avr/bin/../lib/gcc/avr/5.4.0/../../../../avr/lib/avr5/memx-const\libm.a(floatsisf.o)
 .data          0x0000000000000000        0x0 c:/program files/microchip/xc8/v2.32/avr/bin/../lib/gcc/avr/5.4.0/../../../../avr/lib/avr5/memx-const\libm.a(floatsisf.o)
 .bss           0x0000000000000000        0x0 c:/program files/microchip/xc8/v2.32/avr/bin/../lib/gcc/avr/5.4.0/../../../../avr/lib/avr5/memx-const\libm.a(floatsisf.o)
 .stack.descriptors
                0x0000000000000000       0x34 c:/program files/microchip/xc8/v2.32/avr/bin/../lib/gcc/avr/5.4.0/../../../../avr/lib/avr5/memx-const\libm.a(floatsisf.o)
 .text          0x0000000000000000        0x0 c:/program files/microchip/xc8/v2.32/avr/bin/../lib/gcc/avr/5.4.0/../../../../avr/lib/avr5/memx-const\libm.a(fp_inf.o)
 .data          0x0000000000000000        0x0 c:/program files/microchip/xc8/v2.32/avr/bin/../lib/gcc/avr/5.4.0/../../../../avr/lib/avr5/memx-const\libm.a(fp_inf.o)
 .bss           0x0000000000000000        0x0 c:/program files/microchip/xc8/v2.32/avr/bin/../lib/gcc/avr/5.4.0/../../../../avr/lib/avr5/memx-const\libm.a(fp_inf.o)
 .stack.descriptors
                0x0000000000000000       0x16 c:/program files/microchip/xc8/v2.32/avr/bin/../lib/gcc/avr/5.4.0/../../../../avr/lib/avr5/memx-const\libm.a(fp_inf.o)
 .text          0x0000000000000000        0x0 c:/program files/microchip/xc8/v2.32/avr/bin/../lib/gcc/avr/5.4.0/../../../../avr/lib/avr5/memx-const\libm.a(fp_nan.o)
 .data          0x0000000000000000        0x0 c:/program files/microchip/xc8/v2.32/avr/bin/../lib/gcc/avr/5.4.0/../../../../avr/lib/avr5/memx-const\libm.a(fp_nan.o)
 .bss           0x0000000000000000        0x0 c:/program files/microchip/xc8/v2.32/avr/bin/../lib/gcc/avr/5.4.0/../../../../avr/lib/avr5/memx-const\libm.a(fp_nan.o)
 .stack.descriptors
                0x0000000000000000       0x16 c:/program files/microchip/xc8/v2.32/avr/bin/../lib/gcc/avr/5.4.0/../../../../avr/lib/avr5/memx-const\libm.a(fp_nan.o)
 .text          0x0000000000000000        0x0 c:/program files/microchip/xc8/v2.32/avr/bin/../lib/gcc/avr/5.4.0/../../../../avr/lib/avr5/memx-const\libm.a(fp_pscA.o)
 .data          0x0000000000000000        0x0 c:/program files/microchip/xc8/v2.32/avr/bin/../lib/gcc/avr/5.4.0/../../../../avr/lib/avr5/memx-const\libm.a(fp_pscA.o)
 .bss           0x0000000000000000        0x0 c:/program files/microchip/xc8/v2.32/avr/bin/../lib/gcc/avr/5.4.0/../../../../avr/lib/avr5/memx-const\libm.a(fp_pscA.o)
 .stack.descriptors
                0x0000000000000000       0x17 c:/program files/microchip/xc8/v2.32/avr/bin/../lib/gcc/avr/5.4.0/../../../../avr/lib/avr5/memx-const\libm.a(fp_pscA.o)
 .text          0x0000000000000000        0x0 c:/program files/microchip/xc8/v2.32/avr/bin/../lib/gcc/avr/5.4.0/../../../../avr/lib/avr5/memx-const\libm.a(fp_pscB.o)
 .data          0x0000000000000000        0x0 c:/program files/microchip/xc8/v2.32/avr/bin/../lib/gcc/avr/5.4.0/../../../../avr/lib/avr5/memx-const\libm.a(fp_pscB.o)
 .bss           0x0000000000000000        0x0 c:/program files/microchip/xc8/v2.32/avr/bin/../lib/gcc/avr/5.4.0/../../../../avr/lib/avr5/memx-const\libm.a(fp_pscB.o)
 .stack.descriptors
                0x0000000000000000       0x17 c:/program files/microchip/xc8/v2.32/avr/bin/../lib/gcc/avr/5.4.0/../../../../avr/lib/avr5/memx-const\libm.a(fp_pscB.o)
 .text          0x0000000000000000        0x0 c:/program files/microchip/xc8/v2.32/avr/bin/../lib/gcc/avr/5.4.0/../../../../avr/lib/avr5/memx-const\libm.a(fp_round.o)
 .data          0x0000000000000000        0x0 c:/program files/microchip/xc8/v2.32/avr/bin/../lib/gcc/avr/5.4.0/../../../../avr/lib/avr5/memx-const\libm.a(fp_round.o)
 .bss           0x0000000000000000        0x0 c:/program files/microchip/xc8/v2.32/avr/bin/../lib/gcc/avr/5.4.0/../../../../avr/lib/avr5/memx-const\libm.a(fp_round.o)
 .stack.descriptors
                0x0000000000000000       0x18 c:/program files/microchip/xc8/v2.32/avr/bin/../lib/gcc/avr/5.4.0/../../../../avr/lib/avr5/memx-const\libm.a(fp_round.o)
 .text          0x0000000000000000        0x0 c:/program files/microchip/xc8/v2.32/avr/bin/../lib/gcc/avr/5.4.0/../../../../avr/lib/avr5/memx-const\libm.a(fp_split3.o)
 .data          0x0000000000000000        0x0 c:/program files/microchip/xc8/v2.32/avr/bin/../lib/gcc/avr/5.4.0/../../../../avr/lib/avr5/memx-const\libm.a(fp_split3.o)
 .bss           0x0000000000000000        0x0 c:/program files/microchip/xc8/v2.32/avr/bin/../lib/gcc/avr/5.4.0/../../../../avr/lib/avr5/memx-const\libm.a(fp_split3.o)
 .stack.descriptors
                0x0000000000000000       0x32 c:/program files/microchip/xc8/v2.32/avr/bin/../lib/gcc/avr/5.4.0/../../../../avr/lib/avr5/memx-const\libm.a(fp_split3.o)
 .text          0x0000000000000000        0x0 c:/program files/microchip/xc8/v2.32/avr/bin/../lib/gcc/avr/5.4.0/../../../../avr/lib/avr5/memx-const\libm.a(fp_zero.o)
 .data          0x0000000000000000        0x0 c:/program files/microchip/xc8/v2.32/avr/bin/../lib/gcc/avr/5.4.0/../../../../avr/lib/avr5/memx-const\libm.a(fp_zero.o)
 .bss           0x0000000000000000        0x0 c:/program files/microchip/xc8/v2.32/avr/bin/../lib/gcc/avr/5.4.0/../../../../avr/lib/avr5/memx-const\libm.a(fp_zero.o)
 .stack.descriptors
                0x0000000000000000       0x2f c:/program files/microchip/xc8/v2.32/avr/bin/../lib/gcc/avr/5.4.0/../../../../avr/lib/avr5/memx-const\libm.a(fp_zero.o)
 .text          0x0000000000000000        0x0 c:/program files/microchip/xc8/v2.32/avr/bin/../lib/gcc/avr/5.4.0/../../../../avr/lib/avr5/memx-const\libm.a(mulsf3.o)
 .data          0x0000000000000000        0x0 c:/program files/microchip/xc8/v2.32/avr/bin/../lib/gcc/avr/5.4.0/../../../../avr/lib/avr5/memx-const\libm.a(mulsf3.o)
 .bss           0x0000000000000000        0x0 c:/program files/microchip/xc8/v2.32/avr/bin/../lib/gcc/avr/5.4.0/../../../../avr/lib/avr5/memx-const\libm.a(mulsf3.o)
 .stack.descriptors
                0x0000000000000000       0x16 c:/program files/microchip/xc8/v2.32/avr/bin/../lib/gcc/avr/5.4.0/../../../../avr/lib/avr5/memx-const\libm.a(mulsf3.o)
 .text          0x0000000000000000        0x0 c:/program files/microchip/xc8/v2.32/avr/bin/../lib/gcc/avr/5.4.0/../../../../avr/lib/avr5/memx-const\libm.a(mulsf3x.o)
 .data          0x0000000000000000        0x0 c:/program files/microchip/xc8/v2.32/avr/bin/../lib/gcc/avr/5.4.0/../../../../avr/lib/avr5/memx-const\libm.a(mulsf3x.o)
 .bss           0x0000000000000000        0x0 c:/program files/microchip/xc8/v2.32/avr/bin/../lib/gcc/avr/5.4.0/../../../../avr/lib/avr5/memx-const\libm.a(mulsf3x.o)
 .stack.descriptors
                0x0000000000000000       0x31 c:/program files/microchip/xc8/v2.32/avr/bin/../lib/gcc/avr/5.4.0/../../../../avr/lib/avr5/memx-const\libm.a(mulsf3x.o)
 .text          0x0000000000000000        0x0 c:/program files/microchip/xc8/v2.32/avr/bin/../lib/gcc/avr/5.4.0/avr5/memx-const\libgcc.a(_divmodhi4.o)
 .data          0x0000000000000000        0x0 c:/program files/microchip/xc8/v2.32/avr/bin/../lib/gcc/avr/5.4.0/avr5/memx-const\libgcc.a(_divmodhi4.o)
 .bss           0x0000000000000000        0x0 c:/program files/microchip/xc8/v2.32/avr/bin/../lib/gcc/avr/5.4.0/avr5/memx-const\libgcc.a(_divmodhi4.o)
 .text.libgcc.mul
                0x0000000000000000        0x0 c:/program files/microchip/xc8/v2.32/avr/bin/../lib/gcc/avr/5.4.0/avr5/memx-const\libgcc.a(_divmodhi4.o)
 .text.libgcc.div
                0x0000000000000000       0x28 c:/program files/microchip/xc8/v2.32/avr/bin/../lib/gcc/avr/5.4.0/avr5/memx-const\libgcc.a(_divmodhi4.o)
 .stack.descriptors.hdr
                0x0000000000000000        0xe c:/program files/microchip/xc8/v2.32/avr/bin/../lib/gcc/avr/5.4.0/avr5/memx-const\libgcc.a(_divmodhi4.o)
 .stack.descriptors
                0x0000000000000000       0x19 c:/program files/microchip/xc8/v2.32/avr/bin/../lib/gcc/avr/5.4.0/avr5/memx-const\libgcc.a(_divmodhi4.o)
 .text.libgcc   0x0000000000000000        0x0 c:/program files/microchip/xc8/v2.32/avr/bin/../lib/gcc/avr/5.4.0/avr5/memx-const\libgcc.a(_divmodhi4.o)
 .text.libgcc.prologue
                0x0000000000000000        0x0 c:/program files/microchip/xc8/v2.32/avr/bin/../lib/gcc/avr/5.4.0/avr5/memx-const\libgcc.a(_divmodhi4.o)
 .text.libgcc.builtins
                0x0000000000000000        0x0 c:/program files/microchip/xc8/v2.32/avr/bin/../lib/gcc/avr/5.4.0/avr5/memx-const\libgcc.a(_divmodhi4.o)
 .text.libgcc.fmul
                0x0000000000000000        0x0 c:/program files/microchip/xc8/v2.32/avr/bin/../lib/gcc/avr/5.4.0/avr5/memx-const\libgcc.a(_divmodhi4.o)
 .text.libgcc.fixed
                0x0000000000000000        0x0 c:/program files/microchip/xc8/v2.32/avr/bin/../lib/gcc/avr/5.4.0/avr5/memx-const\libgcc.a(_divmodhi4.o)
 .text          0x0000000000000000        0x0 c:/program files/microchip/xc8/v2.32/avr/bin/../lib/gcc/avr/5.4.0/avr5/memx-const\libgcc.a(_exit.o)
 .data          0x0000000000000000        0x0 c:/program files/microchip/xc8/v2.32/avr/bin/../lib/gcc/avr/5.4.0/avr5/memx-const\libgcc.a(_exit.o)
 .bss           0x0000000000000000        0x0 c:/program files/microchip/xc8/v2.32/avr/bin/../lib/gcc/avr/5.4.0/avr5/memx-const\libgcc.a(_exit.o)
 .text.libgcc.mul
                0x0000000000000000        0x0 c:/program files/microchip/xc8/v2.32/avr/bin/../lib/gcc/avr/5.4.0/avr5/memx-const\libgcc.a(_exit.o)
 .text.libgcc.div
                0x0000000000000000        0x0 c:/program files/microchip/xc8/v2.32/avr/bin/../lib/gcc/avr/5.4.0/avr5/memx-const\libgcc.a(_exit.o)
 .text.libgcc   0x0000000000000000        0x0 c:/program files/microchip/xc8/v2.32/avr/bin/../lib/gcc/avr/5.4.0/avr5/memx-const\libgcc.a(_exit.o)
 .text.libgcc.prologue
                0x0000000000000000        0x0 c:/program files/microchip/xc8/v2.32/avr/bin/../lib/gcc/avr/5.4.0/avr5/memx-const\libgcc.a(_exit.o)
 .stack.descriptors
                0x0000000000000000       0x13 c:/program files/microchip/xc8/v2.32/avr/bin/../lib/gcc/avr/5.4.0/avr5/memx-const\libgcc.a(_exit.o)
 .text.libgcc.builtins
                0x0000000000000000        0x0 c:/program files/microchip/xc8/v2.32/avr/bin/../lib/gcc/avr/5.4.0/avr5/memx-const\libgcc.a(_exit.o)
 .text.libgcc.fmul
                0x0000000000000000        0x0 c:/program files/microchip/xc8/v2.32/avr/bin/../lib/gcc/avr/5.4.0/avr5/memx-const\libgcc.a(_exit.o)
 .text.libgcc.fixed
                0x0000000000000000        0x0 c:/program files/microchip/xc8/v2.32/avr/bin/../lib/gcc/avr/5.4.0/avr5/memx-const\libgcc.a(_exit.o)
 .text          0x0000000000000000        0x0 c:/program files/microchip/xc8/v2.32/avr/bin/../lib/gcc/avr/5.4.0/avr5/memx-const\libgcc.a(_copy_data.o)
 .data          0x0000000000000000        0x0 c:/program files/microchip/xc8/v2.32/avr/bin/../lib/gcc/avr/5.4.0/avr5/memx-const\libgcc.a(_copy_data.o)
 .bss           0x0000000000000000        0x0 c:/program files/microchip/xc8/v2.32/avr/bin/../lib/gcc/avr/5.4.0/avr5/memx-const\libgcc.a(_copy_data.o)
 .text.libgcc.mul
                0x0000000000000000        0x0 c:/program files/microchip/xc8/v2.32/avr/bin/../lib/gcc/avr/5.4.0/avr5/memx-const\libgcc.a(_copy_data.o)
 .text.libgcc.div
                0x0000000000000000        0x0 c:/program files/microchip/xc8/v2.32/avr/bin/../lib/gcc/avr/5.4.0/avr5/memx-const\libgcc.a(_copy_data.o)
 .text.libgcc   0x0000000000000000        0x0 c:/program files/microchip/xc8/v2.32/avr/bin/../lib/gcc/avr/5.4.0/avr5/memx-const\libgcc.a(_copy_data.o)
 .text.libgcc.prologue
                0x0000000000000000        0x0 c:/program files/microchip/xc8/v2.32/avr/bin/../lib/gcc/avr/5.4.0/avr5/memx-const\libgcc.a(_copy_data.o)
 .text.libgcc.builtins
                0x0000000000000000        0x0 c:/program files/microchip/xc8/v2.32/avr/bin/../lib/gcc/avr/5.4.0/avr5/memx-const\libgcc.a(_copy_data.o)
 .text.libgcc.fmul
                0x0000000000000000        0x0 c:/program files/microchip/xc8/v2.32/avr/bin/../lib/gcc/avr/5.4.0/avr5/memx-const\libgcc.a(_copy_data.o)
 .text.libgcc.fixed
                0x0000000000000000        0x0 c:/program files/microchip/xc8/v2.32/avr/bin/../lib/gcc/avr/5.4.0/avr5/memx-const\libgcc.a(_copy_data.o)
 .text          0x0000000000000000        0x0 c:/program files/microchip/xc8/v2.32/avr/bin/../lib/gcc/avr/5.4.0/avr5/memx-const\libgcc.a(_udivmodhi4.o)
 .data          0x0000000000000000        0x0 c:/program files/microchip/xc8/v2.32/avr/bin/../lib/gcc/avr/5.4.0/avr5/memx-const\libgcc.a(_udivmodhi4.o)
 .bss           0x0000000000000000        0x0 c:/program files/microchip/xc8/v2.32/avr/bin/../lib/gcc/avr/5.4.0/avr5/memx-const\libgcc.a(_udivmodhi4.o)
 .text.libgcc.mul
                0x0000000000000000        0x0 c:/program files/microchip/xc8/v2.32/avr/bin/../lib/gcc/avr/5.4.0/avr5/memx-const\libgcc.a(_udivmodhi4.o)
 .text.libgcc.div
                0x0000000000000000       0x28 c:/program files/microchip/xc8/v2.32/avr/bin/../lib/gcc/avr/5.4.0/avr5/memx-const\libgcc.a(_udivmodhi4.o)
 .stack.descriptors.hdr
                0x0000000000000000        0xe c:/program files/microchip/xc8/v2.32/avr/bin/../lib/gcc/avr/5.4.0/avr5/memx-const\libgcc.a(_udivmodhi4.o)
 .stack.descriptors
                0x0000000000000000       0x1a c:/program files/microchip/xc8/v2.32/avr/bin/../lib/gcc/avr/5.4.0/avr5/memx-const\libgcc.a(_udivmodhi4.o)
 .text.libgcc   0x0000000000000000        0x0 c:/program files/microchip/xc8/v2.32/avr/bin/../lib/gcc/avr/5.4.0/avr5/memx-const\libgcc.a(_udivmodhi4.o)
 .text.libgcc.prologue
                0x0000000000000000        0x0 c:/program files/microchip/xc8/v2.32/avr/bin/../lib/gcc/avr/5.4.0/avr5/memx-const\libgcc.a(_udivmodhi4.o)
 .text.libgcc.builtins
                0x0000000000000000        0x0 c:/program files/microchip/xc8/v2.32/avr/bin/../lib/gcc/avr/5.4.0/avr5/memx-const\libgcc.a(_udivmodhi4.o)
 .text.libgcc.fmul
                0x0000000000000000        0x0 c:/program files/microchip/xc8/v2.32/avr/bin/../lib/gcc/avr/5.4.0/avr5/memx-const\libgcc.a(_udivmodhi4.o)
 .text.libgcc.fixed
                0x0000000000000000        0x0 c:/program files/microchip/xc8/v2.32/avr/bin/../lib/gcc/avr/5.4.0/avr5/memx-const\libgcc.a(_udivmodhi4.o)
 .text          0x0000000000000000        0x0 c:/program files/microchip/xc8/v2.32/avr/bin/../lib/gcc/avr/5.4.0/../../../../avr/lib/avr5/memx-const\libc.a(itoa_ncheck.o)
 .data          0x0000000000000000        0x0 c:/program files/microchip/xc8/v2.32/avr/bin/../lib/gcc/avr/5.4.0/../../../../avr/lib/avr5/memx-const\libc.a(itoa_ncheck.o)
 .bss           0x0000000000000000        0x0 c:/program files/microchip/xc8/v2.32/avr/bin/../lib/gcc/avr/5.4.0/../../../../avr/lib/avr5/memx-const\libc.a(itoa_ncheck.o)
 .stack.descriptors
                0x0000000000000000       0x1b c:/program files/microchip/xc8/v2.32/avr/bin/../lib/gcc/avr/5.4.0/../../../../avr/lib/avr5/memx-const\libc.a(itoa_ncheck.o)
 .text          0x0000000000000000        0x0 c:/program files/microchip/xc8/v2.32/avr/bin/../lib/gcc/avr/5.4.0/../../../../avr/lib/avr5/memx-const\libc.a(utoa_ncheck.o)
 .data          0x0000000000000000        0x0 c:/program files/microchip/xc8/v2.32/avr/bin/../lib/gcc/avr/5.4.0/../../../../avr/lib/avr5/memx-const\libc.a(utoa_ncheck.o)
 .bss           0x0000000000000000        0x0 c:/program files/microchip/xc8/v2.32/avr/bin/../lib/gcc/avr/5.4.0/../../../../avr/lib/avr5/memx-const\libc.a(utoa_ncheck.o)
 .stack.descriptors
                0x0000000000000000       0x36 c:/program files/microchip/xc8/v2.32/avr/bin/../lib/gcc/avr/5.4.0/../../../../avr/lib/avr5/memx-const\libc.a(utoa_ncheck.o)
 .text          0x0000000000000000        0x0 c:/program files/microchip/xc8/v2.32/avr/bin/../lib/gcc/avr/5.4.0/../../../../avr/lib/avr5/memx-const\libc.a(strrev.o)
 .data          0x0000000000000000        0x0 c:/program files/microchip/xc8/v2.32/avr/bin/../lib/gcc/avr/5.4.0/../../../../avr/lib/avr5/memx-const\libc.a(strrev.o)
 .bss           0x0000000000000000        0x0 c:/program files/microchip/xc8/v2.32/avr/bin/../lib/gcc/avr/5.4.0/../../../../avr/lib/avr5/memx-const\libc.a(strrev.o)
 .stack.descriptors
                0x0000000000000000       0x14 c:/program files/microchip/xc8/v2.32/avr/bin/../lib/gcc/avr/5.4.0/../../../../avr/lib/avr5/memx-const\libc.a(strrev.o)

Memory Configuration

Name             Origin             Length             Attributes
text             0x0000000000000000 0x0000000000008000 xr
data             0x0000000000800060 0x0000000000000800 rw !x
eeprom           0x0000000000810000 0x0000000000000400 rw !x
fuse             0x0000000000820000 0x0000000000000002 rw !x
lock             0x0000000000830000 0x0000000000000400 rw !x
signature        0x0000000000840000 0x0000000000000400 rw !x
user_signatures  0x0000000000850000 0x0000000000000400 rw !x
*default*        0x0000000000000000 0xffffffffffffffff

Linker script and memory map

LOAD C:/Program Files/Microchip/MPLABX/v5.50/packs/Microchip/ATmega_DFP/2.3.126/xc8/avr/lib/avr5/memx-const/crtatmega32a.o
                0x0000000000000001                __MPLAB_BUILD = 0x1
LOAD build/default/production/main.o
LOAD build/default/production/DIO.o
LOAD build/default/production/Buzzer.o
LOAD build/default/production/LED.o
LOAD build/default/production/VButtons.o
LOAD build/default/production/_7SEG.o
LOAD build/default/production/LCD8.o
LOAD build/default/production/LCD4.o
LOAD build/default/production/Button.o
LOAD build/default/production/keypad.o
LOAD build/default/production/EXT_INT.o
LOAD build/default/production/ADC.o
LOAD build/default/production/LM35.o
LOAD build/default/production/timers.o
LOAD build/default/production/UART.o
START GROUP
LOAD c:/program files/microchip/xc8/v2.32/avr/bin/../lib/gcc/avr/5.4.0/../../../../avr/lib/avr5/memx-const\libm.a
END GROUP
START GROUP
LOAD c:/program files/microchip/xc8/v2.32/avr/bin/../lib/gcc/avr/5.4.0/avr5/memx-const\libgcc.a
LOAD c:/program files/microchip/xc8/v2.32/avr/bin/../lib/gcc/avr/5.4.0/../../../../avr/lib/avr5/memx-const\libm.a
LOAD c:/program files/microchip/xc8/v2.32/avr/bin/../lib/gcc/avr/5.4.0/../../../../avr/lib/avr5/memx-const\libc.a
LOAD C:/Program Files/Microchip/MPLABX/v5.50/packs/Microchip/ATmega_DFP/2.3.126/xc8/avr/lib/avr5/memx-const\libatmega32a.a
END GROUP
                [0x0000000000000000]                __TEXT_REGION_ORIGIN__ = DEFINED (__TEXT_REGION_ORIGIN__)?__TEXT_REGION_ORIGIN__:0x0
                [0x0000000000800060]                __DATA_REGION_ORIGIN__ = DEFINED (__DATA_REGION_ORIGIN__)?__DATA_REGION_ORIGIN__:0x800060
                [0x0000000000008000]                __TEXT_REGION_LENGTH__ = DEFINED (__TEXT_REGION_LENGTH__)?__TEXT_REGION_LENGTH__:0x20000
                [0x0000000000000800]                __DATA_REGION_LENGTH__ = DEFINED (__DATA_REGION_LENGTH__)?__DATA_REGION_LENGTH__:0xffa0
                [0x0000000000000400]                __EEPROM_REGION_LENGTH__ = DEFINED (__EEPROM_REGION_LENGTH__)?__EEPROM_REGION_LENGTH__:0x10000
                [0x0000000000000002]                __FUSE_REGION_LENGTH__ = DEFINED (__FUSE_REGION_LENGTH__)?__FUSE_REGION_LENGTH__:0x400
                0x0000000000000400                __LOCK_REGION_LENGTH__ = DEFINED (__LOCK_REGION_LENGTH__)?__LOCK_REGION_LENGTH__:0x400
                0x0000000000000400                __SIGNATURE_REGION_LENGTH__ = DEFINED (__SIGNATURE_REGION_LENGTH__)?__SIGNATURE_REGION_LENGTH__:0x400
                0x0000000000000400                __USER_SIGNATURE_REGION_LENGTH__ = DEFINED (__USER_SIGNATURE_REGION_LENGTH__)?__USER_SIGNATURE_REGION_LENGTH__:0x400

.hash
 *(.hash)

.dynsym
 *(.dynsym)

.dynstr
 *(.dynstr)

.gnu.version
 *(.gnu.version)

.gnu.version_d
 *(.gnu.version_d)

.gnu.version_r
 *(.gnu.version_r)

.rel.init
 *(.rel.init)

.rela.init
 *(.rela.init)

.rel.text
 *(.rel.text)
 *(.rel.text.*)
 *(.rel.gnu.linkonce.t*)

.rela.text
 *(.rela.text)
 *(.rela.text.*)
 *(.rela.gnu.linkonce.t*)

.rel.fini
 *(.rel.fini)

.rela.fini
 *(.rela.fini)

.rel.rodata
 *(.rel.rodata)
 *(.rel.rodata.*)
 *(.rel.gnu.linkonce.r*)

.rela.rodata
 *(.rela.rodata)
 *(.rela.rodata.*)
 *(.rela.gnu.linkonce.r*)

.rel.data
 *(.rel.data)
 *(.rel.data.*)
 *(.rel.gnu.linkonce.d*)

.rela.data
 *(.rela.data)
 *(.rela.data.*)
 *(.rela.gnu.linkonce.d*)

.rel.ctors
 *(.rel.ctors)

.rela.ctors
 *(.rela.ctors)

.rel.dtors
 *(.rel.dtors)

.rela.dtors
 *(.rela.dtors)

.rel.got
 *(.rel.got)

.rela.got
 *(.rela.got)

.rel.bss
 *(.rel.bss)

.rela.bss
 *(.rela.bss)

.rel.plt
 *(.rel.plt)

.rela.plt
 *(.rela.plt)

.text           0x0000000000000000       0xa8
 *(.vectors)
 .vectors       0x0000000000000000       0x54 C:/Program Files/Microchip/MPLABX/v5.50/packs/Microchip/ATmega_DFP/2.3.126/xc8/avr/lib/avr5/memx-const/crtatmega32a.o
                0x0000000000000000                __vector_default
                0x0000000000000000                __vectors
 *(.vectors)
 *(.progmem.gcc*)
 *(.dinit)
 .dinit         0x0000000000000054        0x0 data_init
                0x0000000000000054                . = ALIGN (0x2)
                0x0000000000000054                __trampolines_start = .
 *(.trampolines)
 .trampolines   0x0000000000000054        0x0 linker stubs
 *(.trampolines*)
                0x0000000000000054                __trampolines_end = .
 *libprintf_flt.a:*(.progmem.data)
 *libc.a:*(.progmem.data)
                0x0000000000000054                . = ALIGN (0x2)
 *(.jumptables)
 *(.jumptables*)
 *(.lowtext)
 *(.lowtext*)
                0x0000000000000054                __ctors_start = .
 *(.ctors)
                0x0000000000000054                __ctors_end = .
                0x0000000000000054                __dtors_start = .
 *(.dtors)
                0x0000000000000054                __dtors_end = .
 SORT(*)(.ctors)
 SORT(*)(.dtors)
 *(.init0)
 .init0         0x0000000000000054        0x0 C:/Program Files/Microchip/MPLABX/v5.50/packs/Microchip/ATmega_DFP/2.3.126/xc8/avr/lib/avr5/memx-const/crtatmega32a.o
                0x0000000000000054                __init
 *(.init0)
 *(.init1)
 *(.init1)
 *(.init2)
 .init2         0x0000000000000054        0xc C:/Program Files/Microchip/MPLABX/v5.50/packs/Microchip/ATmega_DFP/2.3.126/xc8/avr/lib/avr5/memx-const/crtatmega32a.o
 *(.init2)
 *(.init3)
 *(.init3)
 *(.init4)
 .init4         0x0000000000000060       0x3c c:/program files/microchip/xc8/v2.32/avr/bin/../lib/gcc/avr/5.4.0/avr5/memx-const\libgcc.a(_copy_data.o)
                0x0000000000000060                __do_copy_data
                0x000000000000008e                __do_clear_bss
 *(.init4)
 *(.init5)
 *(.init5)
 *(.init6)
 *(.init6)
 *(.init7)
 *(.init7)
 *(.init8)
 *(.init8)
 *(.init9)
 .init9         0x000000000000009c        0x8 C:/Program Files/Microchip/MPLABX/v5.50/packs/Microchip/ATmega_DFP/2.3.126/xc8/avr/lib/avr5/memx-const/crtatmega32a.o
 *(.init9)
                0x00000000000000a4                . = ALIGN (0x2)
 *(.fini9)
 .fini9         0x00000000000000a4        0x0 c:/program files/microchip/xc8/v2.32/avr/bin/../lib/gcc/avr/5.4.0/avr5/memx-const\libgcc.a(_exit.o)
                0x00000000000000a4                _exit
                0x00000000000000a4                exit
 *(.fini9)
 *(.fini8)
 *(.fini8)
 *(.fini7)
 *(.fini7)
 *(.fini6)
 *(.fini6)
 *(.fini5)
 *(.fini5)
 *(.fini4)
 *(.fini4)
 *(.fini3)
 *(.fini3)
 *(.fini2)
 *(.fini2)
 *(.fini1)
 *(.fini1)
 *(.fini0)
 .fini0         0x00000000000000a4        0x4 c:/program files/microchip/xc8/v2.32/avr/bin/../lib/gcc/avr/5.4.0/avr5/memx-const\libgcc.a(_exit.o)
 *(.fini0)
                0x00000000000000a8                _etext = .

.data           0x0000000000800060        0x0 load address 0x00000000000000a8
                [!provide]                        PROVIDE (__data_start, .)
 *(.gnu.linkonce.d*)
 *(.gnu.linkonce.r*)
                0x0000000000800060                . = ALIGN (0x2)
                0x0000000000800060                _edata = .
                [!provide]                        PROVIDE (__data_end, .)

.bss            0x0000000000800060        0x0
                [!provide]                        PROVIDE (__bss_start, .)
 *(COMMON)
                [!provide]                        PROVIDE (__bss_end, .)
                0x00000000000000a8                __data_load_start = LOADADDR (.data)
                0x00000000000000a8                __data_load_end = (__data_load_start + SIZEOF (.data))

.noinit         0x0000000000800060        0x0
                [!provide]                        PROVIDE (__noinit_start, .)
 *(.noinit*)
                [!provide]                        PROVIDE (__noinit_end, .)
                0x0000000000800060                _end = .

.eeprom         0x0000000000810000        0x0
 *(.eeprom*)
                0x0000000000810000                __eeprom_end = .

.fuse
 *(.fuse)
 *(.lfuse)
 *(.hfuse)
 *(.efuse)

.lock
 *(.lock*)

.signature
 *(.signature*)

.user_signatures
 *(.user_signatures*)

.stab
 *(.stab)

.stabstr
 *(.stabstr)

.stab.excl
 *(.stab.excl)

.stab.exclstr
 *(.stab.exclstr)

.stab.index
 *(.stab.index)

.stab.indexstr
 *(.stab.indexstr)

.comment        0x0000000000000000       0x2f
 *(.comment)
 .comment       0x0000000000000000       0x2f build/default/production/main.o
                                         0x30 (size before relaxing)
 .comment       0x000000000000002f       0x30 build/default/production/DIO.o
 .comment       0x000000000000002f       0x30 build/default/production/LCD4.o
 .comment       0x000000000000002f       0x30 build/default/production/ADC.o
 .comment       0x000000000000002f       0x30 build/default/production/UART.o

.stack.descriptors.hdr
                0x0000000000000000      0x118
 .stack.descriptors.hdr
                0x0000000000000000        0xe c:/program files/microchip/xc8/v2.32/avr/bin/../lib/gcc/avr/5.4.0/../../../../avr/lib/avr5/memx-const\libm.a(addsf3.o)
 .stack.descriptors.hdr
                0x000000000000000e        0xe c:/program files/microchip/xc8/v2.32/avr/bin/../lib/gcc/avr/5.4.0/../../../../avr/lib/avr5/memx-const\libm.a(addsf3x.o)
 .stack.descriptors.hdr
                0x000000000000001c        0xe c:/program files/microchip/xc8/v2.32/avr/bin/../lib/gcc/avr/5.4.0/../../../../avr/lib/avr5/memx-const\libm.a(divsf3.o)
 .stack.descriptors.hdr
                0x000000000000002a        0xe c:/program files/microchip/xc8/v2.32/avr/bin/../lib/gcc/avr/5.4.0/../../../../avr/lib/avr5/memx-const\libm.a(divsf3x.o)
 .stack.descriptors.hdr
                0x0000000000000038        0xe c:/program files/microchip/xc8/v2.32/avr/bin/../lib/gcc/avr/5.4.0/../../../../avr/lib/avr5/memx-const\libm.a(fixsfsi.o)
 .stack.descriptors.hdr
                0x0000000000000046        0xe c:/program files/microchip/xc8/v2.32/avr/bin/../lib/gcc/avr/5.4.0/../../../../avr/lib/avr5/memx-const\libm.a(fixunssfsi.o)
 .stack.descriptors.hdr
                0x0000000000000054        0xe c:/program files/microchip/xc8/v2.32/avr/bin/../lib/gcc/avr/5.4.0/../../../../avr/lib/avr5/memx-const\libm.a(floatsisf.o)
 .stack.descriptors.hdr
                0x0000000000000062        0xe c:/program files/microchip/xc8/v2.32/avr/bin/../lib/gcc/avr/5.4.0/../../../../avr/lib/avr5/memx-const\libm.a(fp_inf.o)
 .stack.descriptors.hdr
                0x0000000000000070        0xe c:/program files/microchip/xc8/v2.32/avr/bin/../lib/gcc/avr/5.4.0/../../../../avr/lib/avr5/memx-const\libm.a(fp_nan.o)
 .stack.descriptors.hdr
                0x000000000000007e        0xe c:/program files/microchip/xc8/v2.32/avr/bin/../lib/gcc/avr/5.4.0/../../../../avr/lib/avr5/memx-const\libm.a(fp_pscA.o)
 .stack.descriptors.hdr
                0x000000000000008c        0xe c:/program files/microchip/xc8/v2.32/avr/bin/../lib/gcc/avr/5.4.0/../../../../avr/lib/avr5/memx-const\libm.a(fp_pscB.o)
 .stack.descriptors.hdr
                0x000000000000009a        0xe c:/program files/microchip/xc8/v2.32/avr/bin/../lib/gcc/avr/5.4.0/../../../../avr/lib/avr5/memx-const\libm.a(fp_round.o)
 .stack.descriptors.hdr
                0x00000000000000a8        0xe c:/program files/microchip/xc8/v2.32/avr/bin/../lib/gcc/avr/5.4.0/../../../../avr/lib/avr5/memx-const\libm.a(fp_split3.o)
 .stack.descriptors.hdr
                0x00000000000000b6        0xe c:/program files/microchip/xc8/v2.32/avr/bin/../lib/gcc/avr/5.4.0/../../../../avr/lib/avr5/memx-const\libm.a(fp_zero.o)
 .stack.descriptors.hdr
                0x00000000000000c4        0xe c:/program files/microchip/xc8/v2.32/avr/bin/../lib/gcc/avr/5.4.0/../../../../avr/lib/avr5/memx-const\libm.a(mulsf3.o)
 .stack.descriptors.hdr
                0x00000000000000d2        0xe c:/program files/microchip/xc8/v2.32/avr/bin/../lib/gcc/avr/5.4.0/../../../../avr/lib/avr5/memx-const\libm.a(mulsf3x.o)
 .stack.descriptors.hdr
                0x00000000000000e0        0xe c:/program files/microchip/xc8/v2.32/avr/bin/../lib/gcc/avr/5.4.0/avr5/memx-const\libgcc.a(_exit.o)
 .stack.descriptors.hdr
                0x00000000000000ee        0xe c:/program files/microchip/xc8/v2.32/avr/bin/../lib/gcc/avr/5.4.0/../../../../avr/lib/avr5/memx-const\libc.a(itoa_ncheck.o)
 .stack.descriptors.hdr
                0x00000000000000fc        0xe c:/program files/microchip/xc8/v2.32/avr/bin/../lib/gcc/avr/5.4.0/../../../../avr/lib/avr5/memx-const\libc.a(utoa_ncheck.o)
 .stack.descriptors.hdr
                0x000000000000010a        0xe c:/program files/microchip/xc8/v2.32/avr/bin/../lib/gcc/avr/5.4.0/../../../../avr/lib/avr5/memx-const\libc.a(strrev.o)

.note.gnu.build-id
 *(.note.gnu.build-id)

.debug
 *(.debug)

.line
 *(.line)

.debug_srcinfo
 *(.debug_srcinfo)

.debug_sfnames
 *(.debug_sfnames)

.debug_aranges  0x0000000000000000      0x188
 *(.debug_aranges)
 .debug_aranges
                0x0000000000000000       0x28 build/default/production/main.o
 .debug_aranges
                0x0000000000000028       0x58 build/default/production/DIO.o
 .debug_aranges
                0x0000000000000080       0x58 build/default/production/LCD4.o
 .debug_aranges
                0x00000000000000d8       0x68 build/default/production/ADC.o
 .debug_aranges
                0x0000000000000140       0x48 build/default/production/UART.o

.debug_pubnames
 *(.debug_pubnames)

.debug_info     0x0000000000000000     0x1efc
 *(.debug_info .gnu.linkonce.wi.*)
 .debug_info    0x0000000000000000      0x4e6 C:/Program Files/Microchip/MPLABX/v5.50/packs/Microchip/ATmega_DFP/2.3.126/xc8/avr/lib/avr5/memx-const/crtatmega32a.o
 .debug_info    0x00000000000004e6      0x50f build/default/production/main.o
 .debug_info    0x00000000000009f5      0x423 build/default/production/DIO.o
 .debug_info    0x0000000000000e18      0x86c build/default/production/LCD4.o
 .debug_info    0x0000000000001684      0x3fa build/default/production/ADC.o
 .debug_info    0x0000000000001a7e      0x47e build/default/production/UART.o

.debug_abbrev   0x0000000000000000      0xad5
 *(.debug_abbrev)
 .debug_abbrev  0x0000000000000000      0x4a3 C:/Program Files/Microchip/MPLABX/v5.50/packs/Microchip/ATmega_DFP/2.3.126/xc8/avr/lib/avr5/memx-const/crtatmega32a.o
 .debug_abbrev  0x00000000000004a3      0x178 build/default/production/main.o
 .debug_abbrev  0x000000000000061b       0xab build/default/production/DIO.o
 .debug_abbrev  0x00000000000006c6      0x1be build/default/production/LCD4.o
 .debug_abbrev  0x0000000000000884       0xb8 build/default/production/ADC.o
 .debug_abbrev  0x000000000000093c      0x199 build/default/production/UART.o

.debug_line     0x0000000000000000      0xa3f
 *(.debug_line .debug_line.* .debug_line_end)
 .debug_line    0x0000000000000000      0x119 C:/Program Files/Microchip/MPLABX/v5.50/packs/Microchip/ATmega_DFP/2.3.126/xc8/avr/lib/avr5/memx-const/crtatmega32a.o
 .debug_line    0x0000000000000119      0x183 build/default/production/main.o
 .debug_line    0x000000000000029c      0x27c build/default/production/DIO.o
 .debug_line    0x0000000000000518      0x25c build/default/production/LCD4.o
 .debug_line    0x0000000000000774      0x178 build/default/production/ADC.o
 .debug_line    0x00000000000008ec      0x153 build/default/production/UART.o

.debug_frame    0x0000000000000000      0x320
 *(.debug_frame)
 .debug_frame   0x0000000000000000       0x7c build/default/production/main.o
 .debug_frame   0x000000000000007c       0x94 build/default/production/DIO.o
 .debug_frame   0x0000000000000110       0xc0 build/default/production/LCD4.o
 .debug_frame   0x00000000000001d0       0xc0 build/default/production/ADC.o
 .debug_frame   0x0000000000000290       0x90 build/default/production/UART.o

.debug_str      0x0000000000000000      0x256
 *(.debug_str)
 .debug_str     0x0000000000000000      0x196 C:/Program Files/Microchip/MPLABX/v5.50/packs/Microchip/ATmega_DFP/2.3.126/xc8/avr/lib/avr5/memx-const/crtatmega32a.o
 .debug_str     0x0000000000000196       0x6c build/default/production/main.o
 .debug_str     0x0000000000000202        0x6 build/default/production/DIO.o
 .debug_str     0x0000000000000208       0x37 build/default/production/LCD4.o
 .debug_str     0x000000000000023f        0x9 build/default/production/ADC.o
 .debug_str     0x0000000000000248        0xe build/default/production/UART.o

.debug_loc      0x0000000000000000      0x962
 *(.debug_loc)
 .debug_loc     0x0000000000000000       0xc6 build/default/production/main.o
 .debug_loc     0x00000000000000c6      0x31e build/default/production/DIO.o
 .debug_loc     0x00000000000003e4      0x388 build/default/production/LCD4.o
 .debug_loc     0x000000000000076c       0xdc build/default/production/ADC.o
 .debug_loc     0x0000000000000848      0x11a build/default/production/UART.o

.debug_macinfo
 *(.debug_macinfo)

.debug_weaknames
 *(.debug_weaknames)

.debug_funcnames
 *(.debug_funcnames)

.debug_typenames
 *(.debug_typenames)

.debug_varnames
 *(.debug_varnames)

.debug_pubtypes
 *(.debug_pubtypes)

.debug_ranges   0x0000000000000000      0x138
 *(.debug_ranges)
 .debug_ranges  0x0000000000000000       0x18 build/default/production/main.o
 .debug_ranges  0x0000000000000018       0x48 build/default/production/DIO.o
 .debug_ranges  0x0000000000000060       0x48 build/default/production/LCD4.o
 .debug_ranges  0x00000000000000a8       0x58 build/default/production/ADC.o
 .debug_ranges  0x0000000000000100       0x38 build/default/production/UART.o

.debug_macro
 *(.debug_macro)
OUTPUT(dist/default/production/Alex53.X.production.elf elf32-avr)
LOAD linker stubs
LOAD data_init

.note.gnu.avr.deviceinfo
                0x0000000000000000       0x3c
 .note.gnu.avr.deviceinfo
                0x0000000000000000       0x3c C:/Program Files/Microchip/MPLABX/v5.50/packs/Microchip/ATmega_DFP/2.3.126/xc8/avr/lib/avr5/memx-const/crtatmega32a.o

.text.DIO_DIR_PINx
                0x00000000000000a8       0xe0
 .text.DIO_DIR_PINx
                0x00000000000000a8       0xe0 build/default/production/DIO.o
                0x00000000000000a8                DIO_DIR_PINx

.text.avrlibc.fplib
                0x0000000000000188       0xde
 .text.avrlibc.fplib
                0x0000000000000188       0xde c:/program files/microchip/xc8/v2.32/avr/bin/../lib/gcc/avr/5.4.0/../../../../avr/lib/avr5/memx-const\libm.a(divsf3x.o)
                0x0000000000000188                __divsf3x
                0x00000000000001b0                __divsf3_pse

.text.avrlibc.fplib
                0x0000000000000266       0xd4
 .text.avrlibc.fplib
                0x0000000000000266       0xd4 c:/program files/microchip/xc8/v2.32/avr/bin/../lib/gcc/avr/5.4.0/../../../../avr/lib/avr5/memx-const\libm.a(mulsf3x.o)
                0x0000000000000266                __mulsf3x
                0x000000000000028c                __mulsf3_pse

.text.avrlibc.fplib
                0x000000000000033a       0xce
 .text.avrlibc.fplib
                0x000000000000033a       0xce c:/program files/microchip/xc8/v2.32/avr/bin/../lib/gcc/avr/5.4.0/../../../../avr/lib/avr5/memx-const\libm.a(addsf3x.o)
                0x000000000000033a                __addsf3x

.text.init_LCD4
                0x0000000000000408       0xa4
 .text.init_LCD4
                0x0000000000000408       0xa4 build/default/production/LCD4.o
                0x0000000000000408                init_LCD4

.text.avrlibc.fplib
                0x00000000000004ac       0x7a
 .text.avrlibc.fplib
                0x00000000000004ac       0x7a c:/program files/microchip/xc8/v2.32/avr/bin/../lib/gcc/avr/5.4.0/../../../../avr/lib/avr5/memx-const\libm.a(floatsisf.o)
                0x00000000000004ac                __floatunsisf
                0x00000000000004b0                __floatsisf

.text.DIO_RESET_PINx
                0x0000000000000526       0x76
 .text.DIO_RESET_PINx
                0x0000000000000526       0x76 build/default/production/DIO.o
                0x0000000000000526                DIO_RESET_PINx

.text.main      0x000000000000059c       0x70
 .text.main     0x000000000000059c       0x70 build/default/production/main.o
                0x000000000000059c                main

.text.DIO_SET_PINx
                0x000000000000060c       0x6e
 .text.DIO_SET_PINx
                0x000000000000060c       0x6e build/default/production/DIO.o
                0x000000000000060c                DIO_SET_PINx

.text.avrlibc.fplib
                0x000000000000067a       0x5e
 .text.avrlibc.fplib
                0x000000000000067a       0x5e c:/program files/microchip/xc8/v2.32/avr/bin/../lib/gcc/avr/5.4.0/../../../../avr/lib/avr5/memx-const\libm.a(fixunssfsi.o)
                0x000000000000067a                __fixunssfsi

.text.__vector_13
                0x00000000000006d8       0x54
 .text.__vector_13
                0x00000000000006d8       0x54 build/default/production/main.o
                0x00000000000006d8                __vector_13

.text.avrlibc.fplib
                0x000000000000072c       0x44
 .text.avrlibc.fplib
                0x000000000000072c       0x44 c:/program files/microchip/xc8/v2.32/avr/bin/../lib/gcc/avr/5.4.0/../../../../avr/lib/avr5/memx-const\libm.a(fp_split3.o)
                0x000000000000072c                __fp_split3
                0x000000000000073c                __fp_splitA

.text.init_UART
                0x0000000000000770       0x3c
 .text.init_UART
                0x0000000000000770       0x3c build/default/production/UART.o
                0x0000000000000770                init_UART

.text.UART_send_num
                0x00000000000007ac       0x3a
 .text.UART_send_num
                0x00000000000007ac       0x3a build/default/production/UART.o
                0x00000000000007ac                UART_send_num

.text.LCD4_cmd  0x00000000000007e6       0x36
 .text.LCD4_cmd
                0x00000000000007e6       0x36 build/default/production/LCD4.o
                0x00000000000007e6                LCD4_cmd

.text.LCD4_write
                0x000000000000081c       0x36
 .text.LCD4_write
                0x000000000000081c       0x36 build/default/production/LCD4.o
                0x000000000000081c                LCD4_write

.text.avrlibc   0x0000000000000852       0x34
 .text.avrlibc  0x0000000000000852       0x34 c:/program files/microchip/xc8/v2.32/avr/bin/../lib/gcc/avr/5.4.0/../../../../avr/lib/avr5/memx-const\libc.a(utoa_ncheck.o)
                0x0000000000000852                __utoa_ncheck
                0x0000000000000854                __utoa_common

.text.init_ADC  0x0000000000000886       0x22
 .text.init_ADC
                0x0000000000000886       0x22 build/default/production/ADC.o
                0x0000000000000886                init_ADC

.text.avrlibc.fplib
                0x00000000000008a8       0x22
 .text.avrlibc.fplib
                0x00000000000008a8       0x22 c:/program files/microchip/xc8/v2.32/avr/bin/../lib/gcc/avr/5.4.0/../../../../avr/lib/avr5/memx-const\libm.a(fp_round.o)
                0x00000000000008a8                __fp_round

.text.ADC_read  0x00000000000008ca       0x20
 .text.ADC_read
                0x00000000000008ca       0x20 build/default/production/ADC.o
                0x00000000000008ca                ADC_read

.text.avrlibc   0x00000000000008ea       0x20
 .text.avrlibc  0x00000000000008ea       0x20 c:/program files/microchip/xc8/v2.32/avr/bin/../lib/gcc/avr/5.4.0/../../../../avr/lib/avr5/memx-const\libc.a(strrev.o)
                0x00000000000008ea                strrev

.text.LCD4_EN   0x000000000000090a       0x1e
 .text.LCD4_EN  0x000000000000090a       0x1e build/default/production/LCD4.o
                0x000000000000090a                LCD4_EN

.text.UART_send_str
                0x0000000000000928       0x1e
 .text.UART_send_str
                0x0000000000000928       0x1e build/default/production/UART.o
                0x0000000000000928                UART_send_str

.text.ADC_select_REF
                0x0000000000000946       0x16
 .text.ADC_select_REF
                0x0000000000000946       0x16 build/default/production/ADC.o
                0x0000000000000946                ADC_select_REF

.text.avrlibc   0x000000000000095c       0x16
 .text.avrlibc  0x000000000000095c       0x16 c:/program files/microchip/xc8/v2.32/avr/bin/../lib/gcc/avr/5.4.0/../../../../avr/lib/avr5/memx-const\libc.a(itoa_ncheck.o)
                0x000000000000095c                __itoa_ncheck

.text.ADC_select_CH
                0x0000000000000972        0xe
 .text.ADC_select_CH
                0x0000000000000972        0xe build/default/production/ADC.o
                0x0000000000000972                ADC_select_CH

.text.ADC_select_FREQ
                0x0000000000000980        0xe
 .text.ADC_select_FREQ
                0x0000000000000980        0xe build/default/production/ADC.o
                0x0000000000000980                ADC_select_FREQ

.text.avrlibc.fplib
                0x000000000000098e        0xe
 .text.avrlibc.fplib
                0x000000000000098e        0xe c:/program files/microchip/xc8/v2.32/avr/bin/../lib/gcc/avr/5.4.0/../../../../avr/lib/avr5/memx-const\libm.a(addsf3.o)
                0x000000000000098e                __subsf3
                0x0000000000000990                __addsf3

.text.avrlibc.fplib
                0x000000000000099c        0xe
 .text.avrlibc.fplib
                0x000000000000099c        0xe c:/program files/microchip/xc8/v2.32/avr/bin/../lib/gcc/avr/5.4.0/../../../../avr/lib/avr5/memx-const\libm.a(fixsfsi.o)
                0x000000000000099c                __fixsfsi

.text.avrlibc.fplib
                0x00000000000009aa        0xe
 .text.avrlibc.fplib
                0x00000000000009aa        0xe c:/program files/microchip/xc8/v2.32/avr/bin/../lib/gcc/avr/5.4.0/../../../../avr/lib/avr5/memx-const\libm.a(fp_pscA.o)
                0x00000000000009aa                __fp_pscA

.text.avrlibc.fplib
                0x00000000000009b8        0xe
 .text.avrlibc.fplib
                0x00000000000009b8        0xe c:/program files/microchip/xc8/v2.32/avr/bin/../lib/gcc/avr/5.4.0/../../../../avr/lib/avr5/memx-const\libm.a(fp_pscB.o)
                0x00000000000009b8                __fp_pscB

.text.avrlibc.fplib
                0x00000000000009c6        0xe
 .text.avrlibc.fplib
                0x00000000000009c6        0xe c:/program files/microchip/xc8/v2.32/avr/bin/../lib/gcc/avr/5.4.0/../../../../avr/lib/avr5/memx-const\libm.a(fp_zero.o)
                0x00000000000009c6                __fp_zero
                0x00000000000009c8                __fp_szero

.text.avrlibc.fplib
                0x00000000000009d4        0xc
 .text.avrlibc.fplib
                0x00000000000009d4        0xc c:/program files/microchip/xc8/v2.32/avr/bin/../lib/gcc/avr/5.4.0/../../../../avr/lib/avr5/memx-const\libm.a(fp_inf.o)
                0x00000000000009d4                __fp_inf

.text.LCD4_clear
                0x00000000000009e0        0x8
 .text.LCD4_clear
                0x00000000000009e0        0x8 build/default/production/LCD4.o
                0x00000000000009e0                LCD4_clear

.text.UART_send
                0x00000000000009e8        0x8
 .text.UART_send
                0x00000000000009e8        0x8 build/default/production/UART.o
                0x00000000000009e8                UART_send

.text.avrlibc.fplib
                0x00000000000009f0        0x8
 .text.avrlibc.fplib
                0x00000000000009f0        0x8 c:/program files/microchip/xc8/v2.32/avr/bin/../lib/gcc/avr/5.4.0/../../../../avr/lib/avr5/memx-const\libm.a(divsf3.o)
                0x00000000000009f0                __divsf3

.text.avrlibc.fplib
                0x00000000000009f8        0x8
 .text.avrlibc.fplib
                0x00000000000009f8        0x8 c:/program files/microchip/xc8/v2.32/avr/bin/../lib/gcc/avr/5.4.0/../../../../avr/lib/avr5/memx-const\libm.a(mulsf3.o)
                0x00000000000009f8                __mulsf3

.text.avrlibc.fplib
                0x0000000000000a00        0x6
 .text.avrlibc.fplib
                0x0000000000000a00        0x6 c:/program files/microchip/xc8/v2.32/avr/bin/../lib/gcc/avr/5.4.0/../../../../avr/lib/avr5/memx-const\libm.a(fp_nan.o)
                0x0000000000000a00                __fp_nan

.text           0x0000000000000a06        0x4
 .text          0x0000000000000a06        0x4 C:/Program Files/Microchip/MPLABX/v5.50/packs/Microchip/ATmega_DFP/2.3.126/xc8/avr/lib/avr5/memx-const/crtatmega32a.o
                0x0000000000000a06                __vector_1
                0x0000000000000a06                __vector_12
                0x0000000000000a06                __bad_interrupt
                0x0000000000000a06                __vector_6
                0x0000000000000a06                __vector_3
                0x0000000000000a06                __vector_11
                0x0000000000000a06                __vector_17
                0x0000000000000a06                __vector_19
                0x0000000000000a06                __vector_7
                0x0000000000000a06                __vector_5
                0x0000000000000a06                __vector_4
                0x0000000000000a06                __vector_9
                0x0000000000000a06                __vector_2
                0x0000000000000a06                __vector_15
                0x0000000000000a06                __vector_8
                0x0000000000000a06                __vector_14
                0x0000000000000a06                __vector_10
                0x0000000000000a06                __vector_16
                0x0000000000000a06                __vector_18
                0x0000000000000a06                __vector_20

.text.ADC_enable
                0x0000000000000a0a        0x4
 .text.ADC_enable
                0x0000000000000a0a        0x4 build/default/production/ADC.o
                0x0000000000000a0a                ADC_enable

.text.ADC_SC    0x0000000000000a0e        0x4
 .text.ADC_SC   0x0000000000000a0e        0x4 build/default/production/ADC.o
                0x0000000000000a0e                ADC_SC

.text.UART_RXCIE
                0x0000000000000a12        0x4
 .text.UART_RXCIE
                0x0000000000000a12        0x4 build/default/production/UART.o
                0x0000000000000a12                UART_RXCIE
